     0.2 ZTRK lines on
     0.2 STATUS touch s/e=897/0 irq=0 z1max=45 z2min=4032 zmax=63 rx=4294967295-0 ry=4294967295-0 first=0,0 last=0,0->0,0 wdt f/s=45/0  
     0.2 ZTRK t=1268 n=901 min=0 max=63 over=0 pen=0 thr=300
     1.9 STATUS touch s/e=1037/0 irq=0 z1max=45 z2min=4032 zmax=63 rx=4294967295-0 ry=4294967295-0 first=0,0 last=0,0->0,0 wdt f/s=52/0 
     1.9 ZTRK t=1474 n=142 min=0 max=43 over=0 pen=0 thr=300
     4.1 STATUS touch s/e=1191/0 irq=0 z1max=45 z2min=4028 zmax=67 rx=4294967295-0 ry=4294967295-0 first=0,0 last=0,0->0,0 wdt f/s=59/0 
     4.1 ZTRK t=1681 n=148 min=0 max=67 over=0 pen=0 thr=300
     6.2 STATUS touch s/e=1340/0 irq=0 z1max=45 z2min=4028 zmax=67 rx=4294967295-0 ry=4294967295-0 first=0,0 last=0,0->0,0 wdt f/s=67/0 
     6.2 ZTRK t=1888 n=149 min=0 max=49 over=0 pen=0 thr=300
     8.2 STATUS touch s/e=1477/0 irq=0 z1max=45 z2min=4028 zmax=67 rx=4294967295-0 ry=4294967295-0 first=0,0 last=0,0->0,0 wdt f/s=74/0 
     8.2 ZTRK t=2094 n=143 min=0 max=63 over=0 pen=0 thr=300
    10.4 STATUS touch s/e=1630/0 irq=0 z1max=45 z2min=4028 zmax=67 rx=4294967295-0 ry=4294967295-0 first=0,0 last=0,0->0,0 wdt f/s=81/0 
    10.4 ZTRK t=2301 n=147 min=0 max=51 over=0 pen=0 thr=300
    12.5 STATUS touch s/e=1780/0 irq=0 z1max=45 z2min=4028 zmax=67 rx=4294967295-0 ry=4294967295-0 first=0,0 last=0,0->0,0 wdt f/s=89/0 
    12.5 ZTRK t=2508 n=150 min=0 max=51 over=0 pen=0 thr=300
    14.6 STATUS touch s/e=1928/0 irq=0 z1max=45 z2min=4028 zmax=67 rx=4294967295-0 ry=4294967295-0 first=0,0 last=0,0->0,0 wdt f/s=96/0 
    14.6 ZTRK t=2716 n=148 min=0 max=51 over=0 pen=0 thr=300
    16.7 STATUS touch s/e=2077/0 irq=0 z1max=45 z2min=4028 zmax=67 rx=4294967295-0 ry=4294967295-0 first=0,0 last=0,0->0,0 wdt f/s=104/0
    16.7 ZTRK t=2924 n=149 min=0 max=43 over=0 pen=0 thr=300
    18.8 STATUS touch s/e=2226/0 irq=0 z1max=45 z2min=4028 zmax=67 rx=4294967295-0 ry=4294967295-0 first=0,0 last=0,0->0,0 wdt f/s=111/0
    18.8 ZTRK t=3141 n=155 min=0 max=43 over=0 pen=0 thr=300
    20.9 STATUS touch s/e=2375/0 irq=0 z1max=45 z2min=4028 zmax=67 rx=4294967295-0 ry=4294967295-0 first=0,0 last=0,0->0,0 wdt f/s=119/0
    20.9 ZTRK t=3339 n=143 min=0 max=45 over=0 pen=0 thr=300
    23.0 STATUS touch s/e=2524/0 irq=0 z1max=45 z2min=4028 zmax=67 rx=4294967295-0 ry=4294967295-0 first=0,0 last=0,0->0,0 wdt f/s=126/0
    23.0 ZTRK t=3556 n=149 min=0 max=39 over=0 pen=0 thr=300
    25.0 STATUS touch s/e=2667/0 irq=0 z1max=48 z2min=4028 zmax=67 rx=4294967295-0 ry=4294967295-0 first=0,0 last=0,0->0,0 wdt f/s=134/0
    25.0 ZTRK t=3755 n=150 min=0 max=63 over=0 pen=0 thr=300
    27.2 STATUS touch s/e=2823/0 irq=0 z1max=48 z2min=4028 zmax=67 rx=4294967295-0 ry=4294967295-0 first=0,0 last=0,0->0,0 wdt f/s=141/0
    27.2 ZTRK t=3971 n=149 min=0 max=39 over=0 pen=0 thr=300
    29.2 STATUS touch s/e=2960/0 irq=0 z1max=48 z2min=4028 zmax=67 rx=4294967295-0 ry=4294967295-0 first=0,0 last=0,0->0,0 wdt f/s=148/0
    29.2 ZTRK t=4169 n=143 min=0 max=56 over=0 pen=0 thr=300
    31.4 STATUS touch s/e=3113/0 irq=0 z1max=48 z2min=4028 zmax=67 rx=4294967295-0 ry=4294967295-0 first=0,0 last=0,0->0,0 wdt f/s=156/0
    31.4 ZTRK t=4376 n=147 min=0 max=62 over=0 pen=0 thr=300
    33.4 STATUS touch s/e=3262/0 irq=0 z1max=48 z2min=4028 zmax=67 rx=4294967295-0 ry=4294967295-0 first=0,0 last=0,0->0,0 wdt f/s=163/0
    33.4 ZTRK t=4592 n=149 min=0 max=67 over=0 pen=0 thr=300
    35.6 STATUS touch s/e=3411/0 irq=0 z1max=48 z2min=4028 zmax=67 rx=4294967295-0 ry=4294967295-0 first=0,0 last=0,0->0,0 wdt f/s=171/0
    35.6 ZTRK t=4791 n=149 min=0 max=50 over=0 pen=0 thr=300
    37.7 STATUS touch s/e=3560/0 irq=0 z1max=48 z2min=4028 zmax=67 rx=4294967295-0 ry=4294967295-0 first=0,0 last=0,0->0,0 wdt f/s=178/0
    37.7 ZTRK t=5008 n=149 min=0 max=39 over=0 pen=0 thr=300
    39.7 STATUS touch s/e=3700/0 irq=0 z1max=48 z2min=4028 zmax=67 rx=4294967295-0 ry=4294967295-0 first=0,0 last=0,0->0,0 wdt f/s=186/0
    39.7 ZTRK t=5205 n=146 min=0 max=43 over=0 pen=0 thr=300
    41.8 STATUS touch s/e=3849/0 irq=0 z1max=48 z2min=4028 zmax=67 rx=4294967295-0 ry=4294967295-0 first=0,0 last=0,0->0,0 wdt f/s=193/0
    41.8 ZTRK t=5412 n=143 min=0 max=38 over=0 pen=0 thr=300
    43.9 STATUS touch s/e=3998/0 irq=0 z1max=48 z2min=4028 zmax=67 rx=4294967295-0 ry=4294967295-0 first=0,0 last=0,0->0,0 wdt f/s=200/0
    43.9 ZTRK t=5628 n=149 min=0 max=59 over=0 pen=0 thr=300
    46.0 STATUS touch s/e=4148/0 irq=0 z1max=48 z2min=4022 zmax=73 rx=4294967295-0 ry=4294967295-0 first=0,0 last=0,0->0,0 wdt f/s=208/0
    46.0 ZTRK t=5826 n=150 min=0 max=73 over=0 pen=0 thr=300
    48.1 STATUS touch s/e=4297/0 irq=0 z1max=48 z2min=4022 zmax=73 rx=4294967295-0 ry=4294967295-0 first=0,0 last=0,0->0,0 wdt f/s=215/0
    48.1 ZTRK t=6042 n=149 min=0 max=43 over=0 pen=0 thr=300
    50.1 STATUS touch s/e=4446/0 irq=0 z1max=48 z2min=4022 zmax=73 rx=4294967295-0 ry=4294967295-0 first=0,0 last=0,0->0,0 wdt f/s=223/0
    50.1 ZTRK t=6240 n=149 min=0 max=39 over=0 pen=0 thr=300
    52.1 STATUS touch s/e=4576/0 irq=0 z1max=48 z2min=4022 zmax=73 rx=4294967295-0 ry=4294967295-0 first=0,0 last=0,0->0,0 wdt f/s=230/0
    52.1 ZTRK t=6436 n=136 min=0 max=59 over=0 pen=0 thr=300
    54.4 STATUS touch s/e=4725/0 irq=0 z1max=48 z2min=4022 zmax=73 rx=4294967295-0 ry=4294967295-0 first=0,0 last=0,0->0,0 wdt f/s=237/0
    54.4 ZTRK t=6651 n=149 min=0 max=43 over=0 pen=0 thr=300
    56.4 STATUS touch s/e=4877/0 irq=0 z1max=48 z2min=4022 zmax=73 rx=4294967295-0 ry=4294967295-0 first=0,0 last=0,0->0,0 wdt f/s=245/0
    56.4 ZTRK t=6867 n=146 min=0 max=58 over=0 pen=0 thr=300
    58.5 STATUS touch s/e=5027/0 irq=0 z1max=48 z2min=4022 zmax=73 rx=4294967295-0 ry=4294967295-0 first=0,0 last=0,0->0,0 wdt f/s=252/0
    58.5 ZTRK t=7065 n=150 min=0 max=49 over=0 pen=0 thr=300
    60.6 STATUS touch s/e=5176/0 irq=0 z1max=48 z2min=4022 zmax=73 rx=4294967295-0 ry=4294967295-0 first=0,0 last=0,0->0,0 wdt f/s=259/0
    60.6 ZTRK t=7281 n=149 min=0 max=39 over=0 pen=0 thr=300
    62.7 STATUS touch s/e=5326/0 irq=0 z1max=48 z2min=4022 zmax=73 rx=4294967295-0 ry=4294967295-0 first=0,0 last=0,0->0,0 wdt f/s=267/0
    62.7 ZTRK t=7479 n=150 min=0 max=62 over=0 pen=0 thr=300
    64.8 STATUS touch s/e=5475/0 irq=0 z1max=48 z2min=4022 zmax=73 rx=4294967295-0 ry=4294967295-0 first=0,0 last=0,0->0,0 wdt f/s=274/0
    64.8 ZTRK t=7696 n=156 min=0 max=47 over=0 pen=0 thr=300
    66.8 STATUS touch s/e=5613/0 irq=0 z1max=48 z2min=4022 zmax=73 rx=4294967295-0 ry=4294967295-0 first=0,0 last=0,0->0,0 wdt f/s=282/0
    66.8 ZTRK t=7894 n=137 min=0 max=51 over=0 pen=0 thr=300
    69.0 STATUS touch s/e=5764/0 irq=0 z1max=48 z2min=4022 zmax=73 rx=4294967295-0 ry=4294967295-0 first=0,0 last=0,0->0,0 wdt f/s=289/0
    69.0 ZTRK t=8101 n=145 min=0 max=47 over=0 pen=0 thr=300
    71.1 STATUS touch s/e=5913/0 irq=0 z1max=48 z2min=4022 zmax=73 rx=4294967295-0 ry=4294967295-0 first=0,0 last=0,0->0,0 wdt f/s=296/0
    71.1 ZTRK t=8317 n=156 min=0 max=45 over=0 pen=0 thr=300
    73.2 STATUS touch s/e=6063/0 irq=0 z1max=48 z2min=4022 zmax=73 rx=4294967295-0 ry=4294967295-0 first=0,0 last=0,0->0,0 wdt f/s=304/0
    73.2 ZTRK t=8515 n=143 min=0 max=39 over=0 pen=0 thr=300
    75.3 STATUS touch s/e=6212/0 irq=0 z1max=48 z2min=4022 zmax=73 rx=4294967295-0 ry=4294967295-0 first=0,0 last=0,0->0,0 wdt f/s=311/0
    75.3 ZTRK t=8731 n=156 min=0 max=47 over=0 pen=0 thr=300
    77.3 STATUS touch s/e=6348/0 irq=0 z1max=48 z2min=4022 zmax=73 rx=4294967295-0 ry=4294967295-0 first=0,0 last=0,0->0,0 wdt f/s=319/0
    77.3 ZTRK t=8928 n=135 min=0 max=69 over=0 pen=0 thr=300
    79.5 STATUS touch s/e=6502/0 irq=0 z1max=48 z2min=4022 zmax=73 rx=4294967295-0 ry=4294967295-0 first=0,0 last=0,0->0,0 wdt f/s=326/0
    79.5 ZTRK t=9135 n=148 min=0 max=47 over=0 pen=0 thr=300
    81.4 STATUS touch s/e=6643/0 irq=0 z1max=48 z2min=4022 zmax=73 rx=4294967295-0 ry=4294967295-0 first=0,0 last=0,0->0,0 wdt f/s=333/0
    81.4 ZTRK t=9341 n=147 min=0 max=45 over=0 pen=0 thr=300
    83.7 STATUS touch s/e=6791/0 irq=0 z1max=48 z2min=4022 zmax=73 rx=4294967295-0 ry=4294967295-0 first=0,0 last=0,0->0,0 wdt f/s=341/0
    83.7 ZTRK t=9558 n=149 min=0 max=62 over=0 pen=0 thr=300
    85.8 STATUS touch s/e=6941/0 irq=0 z1max=48 z2min=4022 zmax=73 rx=4294967295-0 ry=4294967295-0 first=0,0 last=0,0->0,0 wdt f/s=348/0
    85.8 ZTRK t=9756 n=143 min=0 max=54 over=0 pen=0 thr=300
    87.8 STATUS touch s/e=7090/0 irq=0 z1max=48 z2min=4022 zmax=73 rx=4294967295-0 ry=4294967295-0 first=0,0 last=0,0->0,0 wdt f/s=356/0
    87.8 ZTRK t=9972 n=156 min=0 max=52 over=0 pen=0 thr=300
    89.9 STATUS touch s/e=7240/0 irq=0 z1max=48 z2min=4022 zmax=73 rx=4294967295-0 ry=4294967295-0 first=0,0 last=0,0->0,0 wdt f/s=363/0
    89.9 ZTRK t=10170 n=143 min=0 max=43 over=0 pen=0 thr=300
    92.0 STATUS touch s/e=7389/0 irq=0 z1max=48 z2min=4022 zmax=73 rx=4294967295-0 ry=4294967295-0 first=0,0 last=0,0->0,0 wdt f/s=371/0
    92.0 ZTRK t=10386 n=156 min=0 max=53 over=0 pen=0 thr=300
    94.1 STATUS touch s/e=7539/0 irq=0 z1max=48 z2min=4022 zmax=73 rx=4294967295-0 ry=4294967295-0 first=0,0 last=0,0->0,0 wdt f/s=378/0
    94.1 ZTRK t=10584 n=143 min=0 max=43 over=0 pen=0 thr=300
    96.2 STATUS touch s/e=7688/0 irq=0 z1max=48 z2min=4022 zmax=73 rx=4294967295-0 ry=4294967295-0 first=0,0 last=0,0->0,0 wdt f/s=386/0
    96.2 ZTRK t=10800 n=156 min=0 max=67 over=0 pen=0 thr=300
    98.3 STATUS touch s/e=7838/0 irq=0 z1max=48 z2min=4022 zmax=73 rx=4294967295-0 ry=4294967295-0 first=0,0 last=0,0->0,0 wdt f/s=393/0
    98.3 ZTRK t=10998 n=143 min=0 max=46 over=0 pen=0 thr=300
   100.4 STATUS touch s/e=7987/0 irq=0 z1max=48 z2min=4022 zmax=73 rx=4294967295-0 ry=4294967295-0 first=0,0 last=0,0->0,0 wdt f/s=401/0
   100.4 ZTRK t=11214 n=156 min=0 max=61 over=0 pen=0 thr=300
   102.5 STATUS touch s/e=8137/0 irq=0 z1max=48 z2min=4022 zmax=73 rx=4294967295-0 ry=4294967295-0 first=0,0 last=0,0->0,0 wdt f/s=408/0
   102.5 ZTRK t=11412 n=143 min=0 max=49 over=0 pen=0 thr=300
   104.6 STATUS touch s/e=8286/0 irq=0 z1max=48 z2min=4022 zmax=73 rx=4294967295-0 ry=4294967295-0 first=0,0 last=0,0->0,0 wdt f/s=415/0
   104.6 ZTRK t=11628 n=156 min=0 max=51 over=0 pen=0 thr=300
   106.7 STATUS touch s/e=8436/0 irq=0 z1max=48 z2min=4022 zmax=73 rx=4294967295-0 ry=4294967295-0 first=0,0 last=0,0->0,0 wdt f/s=423/0
   106.7 ZTRK t=11826 n=143 min=0 max=39 over=0 pen=0 thr=300
   108.8 STATUS touch s/e=8585/0 irq=0 z1max=48 z2min=4022 zmax=73 rx=4294967295-0 ry=4294967295-0 first=0,0 last=0,0->0,0 wdt f/s=430/0
   108.8 ZTRK t=12042 n=156 min=0 max=52 over=0 pen=0 thr=300
   110.9 STATUS touch s/e=8735/0 irq=0 z1max=48 z2min=4022 zmax=73 rx=4294967295-0 ry=4294967295-0 first=0,0 last=0,0->0,0 wdt f/s=438/0
   110.9 ZTRK t=12240 n=143 min=0 max=67 over=0 pen=0 thr=300
   113.0 STATUS touch s/e=8884/0 irq=0 z1max=48 z2min=4022 zmax=73 rx=4294967295-0 ry=4294967295-0 first=0,0 last=0,0->0,0 wdt f/s=445/0
   113.0 ZTRK t=12456 n=155 min=0 max=49 over=0 pen=0 thr=300
   115.0 STATUS touch s/e=9034/0 irq=0 z1max=48 z2min=3942 zmax=153 rx=4294967295-0 ry=4294967295-0 first=0,0 last=0,0->0,0 wdt f/s=453/
   115.0 ZTRK t=12654 n=144 min=0 max=153 over=0 pen=0 thr=300
   117.1 STATUS touch s/e=9183/0 irq=0 z1max=48 z2min=3942 zmax=153 rx=4294967295-0 ry=4294967295-0 first=0,0 last=0,0->0,0 wdt f/s=460/
   117.1 ZTRK t=12870 n=156 min=0 max=51 over=0 pen=0 thr=300
   119.3 STATUS touch s/e=9332/0 irq=0 z1max=48 z2min=3942 zmax=153 rx=4294967295-0 ry=4294967295-0 first=0,0 last=0,0->0,0 wdt f/s=468/
   119.3 ZTRK t=13077 n=149 min=0 max=59 over=0 pen=0 thr=300
   121.3 STATUS touch s/e=9482/0 irq=0 z1max=48 z2min=3942 zmax=153 rx=4294967295-0 ry=4294967295-0 first=0,0 last=0,0->0,0 wdt f/s=475/
   121.3 ZTRK t=13284 n=150 min=0 max=39 over=0 pen=0 thr=300
   123.4 STATUS touch s/e=9632/0 irq=0 z1max=48 z2min=3942 zmax=153 rx=4294967295-0 ry=4294967295-0 first=0,0 last=0,0->0,0 wdt f/s=483/
   123.4 ZTRK t=13482 n=143 min=0 max=43 over=0 pen=0 thr=300
   125.5 STATUS touch s/e=9781/0 irq=0 z1max=48 z2min=3942 zmax=153 rx=4294967295-0 ry=4294967295-0 first=0,0 last=0,0->0,0 wdt f/s=491/
   125.5 ZTRK t=13698 n=156 min=0 max=35 over=0 pen=0 thr=300
   127.6 STATUS touch s/e=9931/0 irq=0 z1max=48 z2min=3942 zmax=153 rx=4294967295-0 ry=4294967295-0 first=0,0 last=0,0->0,0 wdt f/s=498/
   127.6 ZTRK t=13896 n=143 min=0 max=50 over=0 pen=0 thr=300
   129.7 STATUS touch s/e=10080/0 irq=0 z1max=48 z2min=3942 zmax=153 rx=4294967295-0 ry=4294967295-0 first=0,0 last=0,0->0,0 wdt f/s=505
   129.7 ZTRK t=14112 n=156 min=0 max=51 over=0 pen=0 thr=300
   131.8 STATUS touch s/e=10230/0 irq=0 z1max=53 z2min=3942 zmax=153 rx=4294967295-0 ry=4294967295-0 first=0,0 last=0,0->0,0 wdt f/s=513
   131.8 ZTRK t=14319 n=149 min=0 max=68 over=0 pen=0 thr=300
   133.7 STATUS touch s/e=10361/0 irq=0 z1max=53 z2min=3942 zmax=153 rx=4294967295-0 ry=4294967295-0 first=0,0 last=0,0->0,0 wdt f/s=519
   133.7 ZTRK t=14503 n=131 min=0 max=67 over=0 pen=0 thr=300
   135.8 STATUS touch s/e=10507/0 irq=0 z1max=53 z2min=3942 zmax=153 rx=4294967295-0 ry=4294967295-0 first=0,0 last=0,0->0,0 wdt f/s=527
   135.8 ZTRK t=14716 n=146 min=0 max=51 over=0 pen=0 thr=300
   138.0 STATUS touch s/e=10657/0 irq=0 z1max=53 z2min=3942 zmax=153 rx=4294967295-0 ry=4294967295-0 first=0,0 last=0,0->0,0 wdt f/s=534
   138.0 ZTRK t=14923 n=144 min=0 max=67 over=0 pen=0 thr=300
   140.1 STATUS touch s/e=10805/0 irq=0 z1max=53 z2min=3942 zmax=153 rx=4294967295-0 ry=4294967295-0 first=0,0 last=0,0->0,0 wdt f/s=542
   140.1 ZTRK t=15140 n=155 min=0 max=23 over=0 pen=0 thr=300
   142.2 STATUS touch s/e=10955/0 irq=0 z1max=53 z2min=3942 zmax=153 rx=4294967295-0 ry=4294967295-0 first=0,0 last=0,0->0,0 wdt f/s=549
   142.2 ZTRK t=15339 n=143 min=0 max=44 over=0 pen=0 thr=300
   144.3 STATUS touch s/e=11104/0 irq=0 z1max=53 z2min=3942 zmax=153 rx=4294967295-0 ry=4294967295-0 first=0,0 last=0,0->0,0 wdt f/s=557
   144.3 ZTRK t=15555 n=156 min=0 max=21 over=0 pen=0 thr=300
   146.4 STATUS touch s/e=11254/0 irq=0 z1max=53 z2min=3942 zmax=153 rx=4294967295-0 ry=4294967295-0 first=0,0 last=0,0->0,0 wdt f/s=564
   146.4 ZTRK t=15754 n=143 min=0 max=67 over=0 pen=0 thr=300
   148.5 STATUS touch s/e=11403/0 irq=0 z1max=53 z2min=3942 zmax=153 rx=4294967295-0 ry=4294967295-0 first=0,0 last=0,0->0,0 wdt f/s=572
   148.5 ZTRK t=15970 n=156 min=0 max=43 over=0 pen=0 thr=300
   150.6 STATUS touch s/e=11553/0 irq=0 z1max=53 z2min=3942 zmax=153 rx=4294967295-0 ry=4294967295-0 first=0,0 last=0,0->0,0 wdt f/s=579
   150.6 ZTRK t=16168 n=143 min=0 max=66 over=0 pen=0 thr=300
   152.7 STATUS touch s/e=11702/0 irq=0 z1max=53 z2min=3942 zmax=153 rx=4294967295-0 ry=4294967295-0 first=0,0 last=0,0->0,0 wdt f/s=587
   152.7 ZTRK t=16384 n=156 min=0 max=59 over=0 pen=0 thr=300
   154.8 STATUS touch s/e=11852/0 irq=0 z1max=53 z2min=3942 zmax=153 rx=4294967295-0 ry=4294967295-0 first=0,0 last=0,0->0,0 wdt f/s=594
   154.8 ZTRK t=16582 n=143 min=0 max=145 over=0 pen=0 thr=300
   156.9 STATUS touch s/e=12001/0 irq=0 z1max=53 z2min=3942 zmax=153 rx=4294967295-0 ry=4294967295-0 first=0,0 last=0,0->0,0 wdt f/s=601
   156.9 ZTRK t=16798 n=155 min=0 max=47 over=0 pen=0 thr=300
   159.0 STATUS touch s/e=12151/0 irq=0 z1max=53 z2min=3942 zmax=153 rx=4294967295-0 ry=4294967295-0 first=0,0 last=0,0->0,0 wdt f/s=609
   159.0 ZTRK t=16996 n=144 min=0 max=43 over=0 pen=0 thr=300
   161.1 STATUS touch s/e=12300/0 irq=0 z1max=53 z2min=3942 zmax=153 rx=4294967295-0 ry=4294967295-0 first=0,0 last=0,0->0,0 wdt f/s=616
   161.1 ZTRK t=17212 n=156 min=0 max=54 over=0 pen=0 thr=300
   163.2 STATUS touch s/e=12449/0 irq=0 z1max=53 z2min=3942 zmax=153 rx=4294967295-0 ry=4294967295-0 first=0,0 last=0,0->0,0 wdt f/s=624
   163.2 ZTRK t=17419 n=149 min=0 max=55 over=0 pen=0 thr=300
   165.2 STATUS touch s/e=12599/0 irq=0 z1max=53 z2min=3942 zmax=153 rx=4294967295-0 ry=4294967295-0 first=0,0 last=0,0->0,0 wdt f/s=631
   165.2 ZTRK t=17626 n=150 min=0 max=54 over=0 pen=0 thr=300
   167.3 STATUS touch s/e=12749/0 irq=0 z1max=53 z2min=3942 zmax=153 rx=4294967295-0 ry=4294967295-0 first=0,0 last=0,0->0,0 wdt f/s=639
   167.3 ZTRK t=17824 n=143 min=0 max=147 over=0 pen=0 thr=300
   169.4 STATUS touch s/e=12898/0 irq=0 z1max=53 z2min=3942 zmax=153 rx=4294967295-0 ry=4294967295-0 first=0,0 last=0,0->0,0 wdt f/s=647
   169.4 ZTRK t=18040 n=156 min=0 max=69 over=0 pen=0 thr=300
   171.5 STATUS touch s/e=13048/0 irq=0 z1max=53 z2min=3942 zmax=153 rx=4294967295-0 ry=4294967295-0 first=0,0 last=0,0->0,0 wdt f/s=654
   171.5 ZTRK t=18238 n=143 min=0 max=43 over=0 pen=0 thr=300
   173.6 STATUS touch s/e=13188/0 irq=0 z1max=53 z2min=3942 zmax=153 rx=4294967295-0 ry=4294967295-0 first=0,0 last=0,0->0,0 wdt f/s=661
   173.6 ZTRK t=18443 n=146 min=0 max=54 over=0 pen=0 thr=300
   175.7 STATUS touch s/e=13338/0 irq=0 z1max=53 z2min=3942 zmax=153 rx=4294967295-0 ry=4294967295-0 first=0,0 last=0,0->0,0 wdt f/s=668
   175.7 ZTRK t=18659 n=151 min=0 max=66 over=0 pen=0 thr=300
   177.8 STATUS touch s/e=13488/0 irq=0 z1max=53 z2min=3942 zmax=153 rx=4294967295-0 ry=4294967295-0 first=0,0 last=0,0->0,0 wdt f/s=676
   177.8 ZTRK t=18857 n=143 min=0 max=47 over=0 pen=0 thr=300
   179.9 STATUS touch s/e=13627/0 irq=0 z1max=53 z2min=3942 zmax=153 rx=4294967295-0 ry=4294967295-0 first=0,0 last=0,0->0,0 wdt f/s=683
   179.9 ZTRK t=19063 n=145 min=0 max=47 over=0 pen=0 thr=300
   182.0 STATUS touch s/e=13777/0 irq=0 z1max=53 z2min=3942 zmax=153 rx=4294967295-0 ry=4294967295-0 first=0,0 last=0,0->0,0 wdt f/s=691
   182.0 ZTRK t=19279 n=150 min=0 max=39 over=0 pen=0 thr=300
   184.1 STATUS touch s/e=13927/0 irq=0 z1max=53 z2min=3942 zmax=153 rx=4294967295-0 ry=4294967295-0 first=0,0 last=0,0->0,0 wdt f/s=698
   184.1 ZTRK t=19477 n=144 min=0 max=69 over=0 pen=0 thr=300
   186.2 STATUS touch s/e=14076/0 irq=0 z1max=53 z2min=3942 zmax=153 rx=4294967295-0 ry=4294967295-0 first=0,0 last=0,0->0,0 wdt f/s=706
   186.2 ZTRK t=19693 n=156 min=0 max=85 over=0 pen=0 thr=300
   188.3 STATUS touch s/e=14225/0 irq=0 z1max=53 z2min=3942 zmax=153 rx=4294967295-0 ry=4294967295-0 first=0,0 last=0,0->0,0 wdt f/s=713
   188.3 ZTRK t=19900 n=149 min=0 max=67 over=0 pen=0 thr=300
   190.3 STATUS touch s/e=14375/0 irq=0 z1max=53 z2min=3942 zmax=153 rx=4294967295-0 ry=4294967295-0 first=0,0 last=0,0->0,0 wdt f/s=720
   190.3 ZTRK t=20107 n=150 min=0 max=40 over=0 pen=0 thr=300
   192.4 STATUS touch s/e=14525/0 irq=0 z1max=53 z2min=3942 zmax=153 rx=4294967295-0 ry=4294967295-0 first=0,0 last=0,0->0,0 wdt f/s=728
   192.4 ZTRK t=20314 n=143 min=0 max=59 over=0 pen=0 thr=300
   194.5 STATUS touch s/e=14661/0 irq=0 z1max=53 z2min=3942 zmax=153 rx=4294967295-0 ry=4294967295-0 first=0,0 last=0,0->0,0 wdt f/s=735
   194.5 ZTRK t=20512 n=142 min=0 max=23 over=0 pen=0 thr=300
   196.6 STATUS touch s/e=14814/0 irq=0 z1max=53 z2min=3942 zmax=153 rx=4294967295-0 ry=4294967295-0 first=0,0 last=0,0->0,0 wdt f/s=743
   196.6 ZTRK t=20728 n=154 min=0 max=47 over=0 pen=0 thr=300
   198.7 STATUS touch s/e=14964/0 irq=0 z1max=53 z2min=3942 zmax=153 rx=4294967295-0 ry=4294967295-0 first=0,0 last=0,0->0,0 wdt f/s=750
   198.7 ZTRK t=20935 n=143 min=0 max=49 over=0 pen=0 thr=300
   200.8 STATUS touch s/e=15113/0 irq=0 z1max=53 z2min=3942 zmax=153 rx=4294967295-0 ry=4294967295-0 first=0,0 last=0,0->0,0 wdt f/s=758
   200.8 ZTRK t=21143 n=155 min=0 max=64 over=0 pen=0 thr=300
   202.9 STATUS touch s/e=15262/0 irq=0 z1max=53 z2min=3942 zmax=153 rx=4294967295-0 ry=4294967295-0 first=0,0 last=0,0->0,0 wdt f/s=765
   202.9 ZTRK t=21350 n=143 min=0 max=17 over=0 pen=0 thr=300
   205.0 STATUS touch s/e=15410/0 irq=0 z1max=53 z2min=3942 zmax=153 rx=4294967295-0 ry=4294967295-0 first=0,0 last=0,0->0,0 wdt f/s=772
   205.0 ZTRK t=21558 n=155 min=0 max=48 over=0 pen=0 thr=300
   206.9 STATUS touch s/e=15547/0 irq=0 z1max=53 z2min=3942 zmax=153 rx=4294967295-0 ry=4294967295-0 first=0,0 last=0,0->0,0 wdt f/s=779
   206.9 ZTRK t=21746 n=136 min=0 max=59 over=0 pen=0 thr=300
   209.2 STATUS touch s/e=15701/0 irq=0 z1max=53 z2min=3942 zmax=153 rx=4294967295-0 ry=4294967295-0 first=0,0 last=0,0->0,0 wdt f/s=787
   209.2 ZTRK t=21962 n=148 min=0 max=43 over=0 pen=0 thr=300
   211.3 STATUS touch s/e=15850/0 irq=0 z1max=53 z2min=3942 zmax=153 rx=4294967295-0 ry=4294967295-0 first=0,0 last=0,0->0,0 wdt f/s=795
   211.3 ZTRK t=22178 n=156 min=0 max=55 over=0 pen=0 thr=300
   213.3 STATUS touch s/e=16000/0 irq=0 z1max=53 z2min=3942 zmax=153 rx=4294967295-0 ry=4294967295-0 first=0,0 last=0,0->0,0 wdt f/s=802
   213.3 ZTRK t=22377 n=143 min=0 max=49 over=0 pen=0 thr=300
   215.5 STATUS touch s/e=16149/0 irq=0 z1max=53 z2min=3942 zmax=153 rx=4294967295-0 ry=4294967295-0 first=0,0 last=0,0->0,0 wdt f/s=809
   215.5 ZTRK t=22593 n=156 min=0 max=42 over=0 pen=0 thr=300
   217.6 STATUS touch s/e=16299/0 irq=0 z1max=53 z2min=3942 zmax=153 rx=4294967295-0 ry=4294967295-0 first=0,0 last=0,0->0,0 wdt f/s=817
   217.6 ZTRK t=22800 n=143 min=0 max=55 over=0 pen=0 thr=300
   219.7 STATUS touch s/e=16448/0 irq=0 z1max=53 z2min=3942 zmax=153 rx=4294967295-0 ry=4294967295-0 first=0,0 last=0,0->0,0 wdt f/s=824
   219.7 ZTRK t=23007 n=156 min=0 max=55 over=0 pen=0 thr=300
   221.6 STATUS touch s/e=16591/0 irq=0 z1max=53 z2min=3942 zmax=153 rx=4294967295-0 ry=4294967295-0 first=0,0 last=0,0->0,0 wdt f/s=832
   221.6 ZTRK t=23197 n=137 min=0 max=51 over=0 pen=0 thr=300
   223.8 STATUS touch s/e=16732/0 irq=0 z1max=53 z2min=3942 zmax=153 rx=4294967295-0 ry=4294967295-0 first=0,0 last=0,0->0,0 wdt f/s=839
   223.8 ZTRK t=23412 n=146 min=0 max=55 over=0 pen=0 thr=300
   226.0 STATUS touch s/e=16886/0 irq=0 z1max=53 z2min=3942 zmax=153 rx=4294967295-0 ry=4294967295-0 first=0,0 last=0,0->0,0 wdt f/s=846
   226.0 ZTRK t=23628 n=154 min=0 max=62 over=0 pen=0 thr=300
   228.0 STATUS touch s/e=17036/0 irq=0 z1max=53 z2min=3942 zmax=153 rx=4294967295-0 ry=4294967295-0 first=0,0 last=0,0->0,0 wdt f/s=854
   228.0 ZTRK t=23835 n=144 min=0 max=55 over=0 pen=0 thr=300
   230.1 STATUS touch s/e=17185/0 irq=0 z1max=53 z2min=3942 zmax=153 rx=4294967295-0 ry=4294967295-0 first=0,0 last=0,0->0,0 wdt f/s=861
   230.1 ZTRK t=24042 n=156 min=0 max=67 over=0 pen=0 thr=300
   232.3 STATUS touch s/e=17334/0 irq=0 z1max=53 z2min=3942 zmax=153 rx=4294967295-0 ry=4294967295-0 first=0,0 last=0,0->0,0 wdt f/s=869
   232.3 ZTRK t=24249 n=149 min=0 max=49 over=0 pen=0 thr=300
   234.3 STATUS touch s/e=17484/0 irq=0 z1max=53 z2min=3942 zmax=153 rx=4294967295-0 ry=4294967295-0 first=0,0 last=0,0->0,0 wdt f/s=876
   234.3 ZTRK t=24456 n=150 min=0 max=43 over=0 pen=0 thr=300
   236.4 STATUS touch s/e=17634/0 irq=0 z1max=53 z2min=3942 zmax=153 rx=4294967295-0 ry=4294967295-0 first=0,0 last=0,0->0,0 wdt f/s=884
   236.4 ZTRK t=24663 n=143 min=0 max=43 over=0 pen=0 thr=300
   238.5 STATUS touch s/e=17783/0 irq=0 z1max=53 z2min=3942 zmax=153 rx=4294967295-0 ry=4294967295-0 first=0,0 last=0,0->0,0 wdt f/s=892
   238.5 ZTRK t=24870 n=156 min=0 max=47 over=0 pen=0 thr=300
   240.6 STATUS touch s/e=17933/0 irq=0 z1max=53 z2min=3942 zmax=153 rx=4294967295-0 ry=4294967295-0 first=0,0 last=0,0->0,0 wdt f/s=899
   240.6 ZTRK t=25077 n=143 min=0 max=50 over=0 pen=0 thr=300
   242.7 STATUS touch s/e=18082/0 irq=0 z1max=53 z2min=3942 zmax=153 rx=4294967295-0 ry=4294967295-0 first=0,0 last=0,0->0,0 wdt f/s=906
   242.7 ZTRK t=25284 n=156 min=0 max=47 over=0 pen=0 thr=300
   244.8 STATUS touch s/e=18232/0 irq=0 z1max=53 z2min=3942 zmax=153 rx=4294967295-0 ry=4294967295-0 first=0,0 last=0,0->0,0 wdt f/s=914
   244.8 ZTRK t=25491 n=149 min=0 max=55 over=0 pen=0 thr=300
   246.9 STATUS touch s/e=18381/0 irq=0 z1max=53 z2min=3942 zmax=153 rx=4294967295-0 ry=4294967295-0 first=0,0 last=0,0->0,0 wdt f/s=921
   246.9 ZTRK t=25698 n=150 min=0 max=61 over=0 pen=0 thr=300
   248.9 STATUS touch s/e=18517/0 irq=0 z1max=53 z2min=3942 zmax=153 rx=4294967295-0 ry=4294967295-0 first=0,0 last=0,0->0,0 wdt f/s=928
   248.9 ZTRK t=25895 n=135 min=0 max=50 over=0 pen=0 thr=300
   251.1 STATUS touch s/e=18670/0 irq=0 z1max=53 z2min=3942 zmax=153 rx=4294967295-0 ry=4294967295-0 first=0,0 last=0,0->0,0 wdt f/s=936
   251.1 ZTRK t=26103 n=147 min=0 max=51 over=0 pen=0 thr=300
   253.2 STATUS touch s/e=18819/0 irq=0 z1max=53 z2min=3942 zmax=153 rx=4294967295-0 ry=4294967295-0 first=0,0 last=0,0->0,0 wdt f/s=943
   253.2 ZTRK t=26319 n=156 min=0 max=59 over=0 pen=0 thr=300
   255.2 STATUS touch s/e=18955/0 irq=0 z1max=53 z2min=3942 zmax=153 rx=4294967295-0 ry=4294967295-0 first=0,0 last=0,0->0,0 wdt f/s=951
   255.2 ZTRK t=26516 n=135 min=0 max=39 over=0 pen=0 thr=300
   257.4 STATUS touch s/e=19108/0 irq=0 z1max=53 z2min=3942 zmax=153 rx=4294967295-0 ry=4294967295-0 first=0,0 last=0,0->0,0 wdt f/s=958
   257.4 ZTRK t=26732 n=154 min=0 max=50 over=0 pen=0 thr=300
   259.4 STATUS touch s/e=19258/0 irq=0 z1max=53 z2min=3942 zmax=153 rx=4294967295-0 ry=4294967295-0 first=0,0 last=0,0->0,0 wdt f/s=965
   259.4 ZTRK t=26939 n=150 min=0 max=46 over=0 pen=0 thr=300
   261.5 STATUS touch s/e=19408/0 irq=0 z1max=53 z2min=3942 zmax=153 rx=4294967295-0 ry=4294967295-0 first=0,0 last=0,0->0,0 wdt f/s=973
   261.5 ZTRK t=27147 n=143 min=0 max=51 over=0 pen=0 thr=300
   263.6 STATUS touch s/e=19557/0 irq=0 z1max=53 z2min=3942 zmax=153 rx=4294967295-0 ry=4294967295-0 first=0,0 last=0,0->0,0 wdt f/s=980
   263.6 ZTRK t=27354 n=156 min=0 max=35 over=0 pen=0 thr=300
   265.7 STATUS touch s/e=19707/0 irq=0 z1max=53 z2min=3942 zmax=153 rx=4294967295-0 ry=4294967295-0 first=0,0 last=0,0->0,0 wdt f/s=988
   265.7 ZTRK t=27561 n=143 min=0 max=59 over=0 pen=0 thr=300
   267.8 STATUS touch s/e=19843/0 irq=0 z1max=53 z2min=3942 zmax=153 rx=4294967295-0 ry=4294967295-0 first=0,0 last=0,0->0,0 wdt f/s=995
   267.8 ZTRK t=27759 n=142 min=0 max=63 over=0 pen=0 thr=300
   269.6 STATUS touch s/e=19984/0 irq=0 z1max=53 z2min=3942 zmax=153 rx=4294967295-0 ry=4294967295-0 first=0,0 last=0,0->0,0 wdt f/s=100
   269.6 ZTRK t=27950 n=136 min=0 max=61 over=0 pen=0 thr=300
   271.9 STATUS touch s/e=20130/0 irq=0 z1max=53 z2min=3942 zmax=153 rx=4294967295-0 ry=4294967295-0 first=0,0 last=0,0->0,0 wdt f/s=100
   271.9 ZTRK t=28164 n=145 min=0 max=55 over=0 pen=0 thr=300
   274.1 STATUS touch s/e=20284/0 irq=0 z1max=53 z2min=3942 zmax=153 rx=4294967295-0 ry=4294967295-0 first=0,0 last=0,0->0,0 wdt f/s=101
   274.1 ZTRK t=28390 n=154 min=0 max=47 over=0 pen=0 thr=300
   275.9 STATUS touch s/e=20421/0 irq=0 z1max=53 z2min=3942 zmax=153 rx=4294967295-0 ry=4294967295-0 first=0,0 last=0,0->0,0 wdt f/s=102
   275.9 ZTRK t=28572 n=138 min=0 max=61 over=0 pen=0 thr=300
   278.1 STATUS touch s/e=20561/0 irq=0 z1max=53 z2min=3942 zmax=153 rx=4294967295-0 ry=4294967295-0 first=0,0 last=0,0->0,0 wdt f/s=103
   278.1 ZTRK t=28785 n=145 min=0 max=51 over=0 pen=0 thr=300
   280.4 STATUS touch s/e=20723/0 irq=0 z1max=53 z2min=3942 zmax=153 rx=4294967295-0 ry=4294967295-0 first=0,0 last=0,0->0,0 wdt f/s=103
   280.4 ZTRK t=29010 n=156 min=0 max=51 over=0 pen=0 thr=300
   282.4 STATUS touch s/e=20872/0 irq=0 z1max=53 z2min=3942 zmax=153 rx=4294967295-0 ry=4294967295-0 first=0,0 last=0,0->0,0 wdt f/s=104
   282.4 ZTRK t=29217 n=156 min=0 max=47 over=0 pen=0 thr=300
   284.6 STATUS touch s/e=21022/0 irq=0 z1max=53 z2min=3942 zmax=153 rx=4294967295-0 ry=4294967295-0 first=0,0 last=0,0->0,0 wdt f/s=105
   284.6 ZTRK t=29425 n=143 min=0 max=54 over=0 pen=0 thr=300
   286.7 STATUS touch s/e=21171/0 irq=0 z1max=53 z2min=3942 zmax=153 rx=4294967295-0 ry=4294967295-0 first=0,0 last=0,0->0,0 wdt f/s=106
   286.7 ZTRK t=29632 n=156 min=0 max=43 over=0 pen=0 thr=300
   288.7 STATUS touch s/e=21321/0 irq=0 z1max=53 z2min=3942 zmax=153 rx=4294967295-0 ry=4294967295-0 first=0,0 last=0,0->0,0 wdt f/s=106
   288.7 ZTRK t=29839 n=143 min=0 max=51 over=0 pen=0 thr=300
   290.9 STATUS touch s/e=21470/0 irq=0 z1max=53 z2min=3942 zmax=153 rx=4294967295-0 ry=4294967295-0 first=0,0 last=0,0->0,0 wdt f/s=107
   290.9 ZTRK t=30046 n=156 min=0 max=42 over=0 pen=0 thr=300
   293.0 STATUS touch s/e=21619/0 irq=0 z1max=53 z2min=3942 zmax=153 rx=4294967295-0 ry=4294967295-0 first=0,0 last=0,0->0,0 wdt f/s=108
   293.0 ZTRK t=30254 n=142 min=0 max=54 over=0 pen=0 thr=300
   295.0 STATUS touch s/e=21768/0 irq=0 z1max=53 z2min=3942 zmax=153 rx=4294967295-0 ry=4294967295-0 first=0,0 last=0,0->0,0 wdt f/s=109
   295.0 ZTRK t=30461 n=156 min=0 max=61 over=0 pen=0 thr=300
   297.1 STATUS touch s/e=21917/0 irq=0 z1max=53 z2min=3942 zmax=153 rx=4294967295-0 ry=4294967295-0 first=0,0 last=0,0->0,0 wdt f/s=109
   297.1 ZTRK t=30669 n=142 min=0 max=39 over=0 pen=0 thr=300
   299.3 STATUS touch s/e=22065/0 irq=0 z1max=53 z2min=3942 zmax=153 rx=4294967295-0 ry=4294967295-0 first=0,0 last=0,0->0,0 wdt f/s=110
   299.3 ZTRK t=30877 n=155 min=0 max=53 over=0 pen=0 thr=300
   301.4 STATUS touch s/e=22215/0 irq=0 z1max=53 z2min=3942 zmax=153 rx=4294967295-0 ry=4294967295-0 first=0,0 last=0,0->0,0 wdt f/s=111
   301.4 ZTRK t=31085 n=143 min=0 max=55 over=0 pen=0 thr=300
   303.4 STATUS touch s/e=22364/0 irq=0 z1max=53 z2min=3942 zmax=153 rx=4294967295-0 ry=4294967295-0 first=0,0 last=0,0->0,0 wdt f/s=112
   303.4 ZTRK t=31292 n=156 min=0 max=51 over=0 pen=0 thr=300
   305.5 STATUS touch s/e=22514/0 irq=0 z1max=53 z2min=3942 zmax=153 rx=4294967295-0 ry=4294967295-0 first=0,0 last=0,0->0,0 wdt f/s=112
   305.5 ZTRK t=31500 n=143 min=0 max=113 over=0 pen=0 thr=300
   307.2 STATUS touch s/e=22641/0 irq=0 z1max=53 z2min=3942 zmax=153 rx=4294967295-0 ry=4294967295-0 first=0,0 last=0,0->0,0 wdt f/s=113
   307.2 ZTRK t=31667 n=128 min=0 max=47 over=0 pen=0 thr=300
   309.6 STATUS touch s/e=22790/0 irq=0 z1max=53 z2min=3942 zmax=153 rx=4294967295-0 ry=4294967295-0 first=0,0 last=0,0->0,0 wdt f/s=114
   309.6 ZTRK t=31896 n=154 min=0 max=55 over=0 pen=0 thr=300
   311.8 STATUS touch s/e=22951/0 irq=0 z1max=53 z2min=3942 zmax=153 rx=4294967295-0 ry=4294967295-0 first=0,0 last=0,0->0,0 wdt f/s=115
   311.8 ZTRK t=32122 n=155 min=0 max=49 over=0 pen=0 thr=300
   313.5 STATUS touch s/e=23078/0 irq=0 z1max=53 z2min=3942 zmax=153 rx=4294967295-0 ry=4294967295-0 first=0,0 last=0,0->0,0 wdt f/s=115
   313.5 ZTRK t=32289 n=128 min=0 max=47 over=0 pen=0 thr=300
   316.0 STATUS touch s/e=23241/0 irq=0 z1max=53 z2min=3942 zmax=153 rx=4294967295-0 ry=4294967295-0 first=0,0 last=0,0->0,0 wdt f/s=116
   316.0 ZTRK t=32535 n=169 min=0 max=51 over=0 pen=0 thr=300
   318.1 STATUS touch s/e=23391/0 irq=0 z1max=53 z2min=3942 zmax=153 rx=4294967295-0 ry=4294967295-0 first=0,0 last=0,0->0,0 wdt f/s=117
   318.1 ZTRK t=32742 n=143 min=0 max=51 over=0 pen=0 thr=300
   320.2 STATUS touch s/e=23540/0 irq=0 z1max=53 z2min=3942 zmax=153 rx=4294967295-0 ry=4294967295-0 first=0,0 last=0,0->0,0 wdt f/s=118
   320.2 ZTRK t=32949 n=156 min=0 max=55 over=0 pen=0 thr=300
   322.3 STATUS touch s/e=23690/0 irq=0 z1max=53 z2min=3942 zmax=153 rx=4294967295-0 ry=4294967295-0 first=0,0 last=0,0->0,0 wdt f/s=118
   322.3 ZTRK t=33156 n=143 min=0 max=44 over=0 pen=0 thr=300
   324.4 STATUS touch s/e=23839/0 irq=0 z1max=53 z2min=3942 zmax=153 rx=4294967295-0 ry=4294967295-0 first=0,0 last=0,0->0,0 wdt f/s=119
   324.4 ZTRK t=33364 n=156 min=0 max=51 over=0 pen=0 thr=300
   326.5 STATUS touch s/e=23989/0 irq=0 z1max=53 z2min=3942 zmax=153 rx=4294967295-0 ry=4294967295-0 first=0,0 last=0,0->0,0 wdt f/s=120
   326.5 ZTRK t=33571 n=143 min=0 max=46 over=0 pen=0 thr=300
   328.6 STATUS touch s/e=24138/0 irq=0 z1max=53 z2min=3942 zmax=153 rx=4294967295-0 ry=4294967295-0 first=0,0 last=0,0->0,0 wdt f/s=121
   328.6 ZTRK t=33778 n=156 min=0 max=43 over=0 pen=0 thr=300
   330.7 STATUS touch s/e=24288/0 irq=0 z1max=53 z2min=3942 zmax=153 rx=4294967295-0 ry=4294967295-0 first=0,0 last=0,0->0,0 wdt f/s=121
   330.7 ZTRK t=33985 n=143 min=0 max=55 over=0 pen=0 thr=300
   332.7 STATUS touch s/e=24437/0 irq=0 z1max=53 z2min=3942 zmax=153 rx=4294967295-0 ry=4294967295-0 first=0,0 last=0,0->0,0 wdt f/s=122
   332.7 ZTRK t=34192 n=156 min=0 max=50 over=0 pen=0 thr=300
   334.9 STATUS touch s/e=24586/0 irq=0 z1max=53 z2min=3942 zmax=153 rx=4294967295-0 ry=4294967295-0 first=0,0 last=0,0->0,0 wdt f/s=123
   334.9 ZTRK t=34400 n=142 min=0 max=66 over=0 pen=0 thr=300
   337.0 STATUS touch s/e=24734/0 irq=0 z1max=53 z2min=3942 zmax=153 rx=4294967295-0 ry=4294967295-0 first=0,0 last=0,0->0,0 wdt f/s=124
   337.0 ZTRK t=34608 n=155 min=0 max=49 over=0 pen=0 thr=300
   339.1 STATUS touch s/e=24884/0 irq=0 z1max=53 z2min=3942 zmax=153 rx=4294967295-0 ry=4294967295-0 first=0,0 last=0,0->0,0 wdt f/s=124
   339.1 ZTRK t=34816 n=143 min=0 max=139 over=0 pen=0 thr=300
   341.1 STATUS touch s/e=25021/0 irq=0 z1max=53 z2min=3942 zmax=153 rx=4294967295-0 ry=4294967295-0 first=0,0 last=0,0->0,0 wdt f/s=125
   341.1 ZTRK t=35013 n=143 min=0 max=50 over=0 pen=0 thr=300
   343.2 STATUS touch s/e=25172/0 irq=0 z1max=53 z2min=3942 zmax=153 rx=4294967295-0 ry=4294967295-0 first=0,0 last=0,0->0,0 wdt f/s=126
   343.2 ZTRK t=35229 n=152 min=0 max=51 over=0 pen=0 thr=300
   345.3 STATUS touch s/e=25322/0 irq=0 z1max=53 z2min=3942 zmax=153 rx=4294967295-0 ry=4294967295-0 first=0,0 last=0,0->0,0 wdt f/s=127
   345.3 ZTRK t=35436 n=143 min=0 max=49 over=0 pen=0 thr=300
   347.4 STATUS touch s/e=25471/0 irq=0 z1max=53 z2min=3942 zmax=153 rx=4294967295-0 ry=4294967295-0 first=0,0 last=0,0->0,0 wdt f/s=127
   347.4 ZTRK t=35643 n=156 min=0 max=39 over=0 pen=0 thr=300
   349.5 STATUS touch s/e=25621/0 irq=0 z1max=53 z2min=3942 zmax=153 rx=4294967295-0 ry=4294967295-0 first=0,0 last=0,0->0,0 wdt f/s=128
   349.5 ZTRK t=35851 n=143 min=0 max=61 over=0 pen=0 thr=300
   351.6 STATUS touch s/e=25770/0 irq=0 z1max=53 z2min=3942 zmax=153 rx=4294967295-0 ry=4294967295-0 first=0,0 last=0,0->0,0 wdt f/s=129
   351.6 ZTRK t=36058 n=156 min=0 max=55 over=0 pen=0 thr=300
   353.7 STATUS touch s/e=25920/0 irq=0 z1max=53 z2min=3942 zmax=153 rx=4294967295-0 ry=4294967295-0 first=0,0 last=0,0->0,0 wdt f/s=130
   353.7 ZTRK t=36265 n=143 min=0 max=43 over=0 pen=0 thr=300
   355.8 STATUS touch s/e=26069/0 irq=0 z1max=53 z2min=3942 zmax=153 rx=4294967295-0 ry=4294967295-0 first=0,0 last=0,0->0,0 wdt f/s=130
   355.8 ZTRK t=36472 n=156 min=0 max=31 over=0 pen=0 thr=300
   357.9 STATUS touch s/e=26219/0 irq=0 z1max=53 z2min=3942 zmax=153 rx=4294967295-0 ry=4294967295-0 first=0,0 last=0,0->0,0 wdt f/s=131
   357.9 ZTRK t=36680 n=143 min=0 max=66 over=0 pen=0 thr=300
   359.9 STATUS touch s/e=26356/0 irq=0 z1max=53 z2min=3942 zmax=153 rx=4294967295-0 ry=4294967295-0 first=0,0 last=0,0->0,0 wdt f/s=132
   359.9 ZTRK t=36877 n=143 min=0 max=67 over=0 pen=0 thr=300
   362.1 STATUS touch s/e=26507/0 irq=0 z1max=53 z2min=3942 zmax=153 rx=4294967295-0 ry=4294967295-0 first=0,0 last=0,0->0,0 wdt f/s=132
   362.1 ZTRK t=37093 n=152 min=0 max=67 over=0 pen=0 thr=300
   364.2 STATUS touch s/e=26657/0 irq=0 z1max=53 z2min=3942 zmax=153 rx=4294967295-0 ry=4294967295-0 first=0,0 last=0,0->0,0 wdt f/s=133
   364.2 ZTRK t=37300 n=143 min=0 max=39 over=0 pen=0 thr=300
   366.3 STATUS touch s/e=26806/0 irq=0 z1max=53 z2min=3942 zmax=153 rx=4294967295-0 ry=4294967295-0 first=0,0 last=0,0->0,0 wdt f/s=134
   366.3 ZTRK t=37507 n=156 min=0 max=49 over=0 pen=0 thr=300
   368.4 STATUS touch s/e=26956/0 irq=0 z1max=53 z2min=3942 zmax=153 rx=4294967295-0 ry=4294967295-0 first=0,0 last=0,0->0,0 wdt f/s=135
   368.4 ZTRK t=37714 n=143 min=0 max=23 over=0 pen=0 thr=300
   370.5 STATUS touch s/e=27105/0 irq=0 z1max=53 z2min=3942 zmax=153 rx=4294967295-0 ry=4294967295-0 first=0,0 last=0,0->0,0 wdt f/s=135
   370.5 ZTRK t=37921 n=155 min=0 max=43 over=0 pen=0 thr=300
   372.5 STATUS touch s/e=27255/0 irq=0 z1max=53 z2min=3942 zmax=153 rx=4294967295-0 ry=4294967295-0 first=0,0 last=0,0->0,0 wdt f/s=136
   372.5 ZTRK t=38128 n=144 min=0 max=53 over=0 pen=0 thr=300
   374.5 STATUS touch s/e=27397/0 irq=0 z1max=53 z2min=3942 zmax=153 rx=4294967295-0 ry=4294967295-0 first=0,0 last=0,0->0,0 wdt f/s=137
   374.5 ZTRK t=38316 n=142 min=0 max=33 over=0 pen=0 thr=300
   376.3 STATUS touch s/e=27526/0 irq=0 z1max=53 z2min=3942 zmax=153 rx=4294967295-0 ry=4294967295-0 first=0,0 last=0,0->0,0 wdt f/s=138
   376.3 ZTRK t=38502 n=130 min=0 max=59 over=0 pen=0 thr=300
   378.7 STATUS touch s/e=27683/0 irq=0 z1max=53 z2min=3942 zmax=153 rx=4294967295-0 ry=4294967295-0 first=0,0 last=0,0->0,0 wdt f/s=138
   378.7 ZTRK t=38730 n=156 min=0 max=23 over=0 pen=0 thr=300
   380.8 STATUS touch s/e=27832/0 irq=0 z1max=53 z2min=3942 zmax=153 rx=4294967295-0 ry=4294967295-0 first=0,0 last=0,0->0,0 wdt f/s=139
   380.8 ZTRK t=38947 n=156 min=0 max=39 over=0 pen=0 thr=300
   382.9 STATUS touch s/e=27970/0 irq=0 z1max=53 z2min=3942 zmax=153 rx=4294967295-0 ry=4294967295-0 first=0,0 last=0,0->0,0 wdt f/s=140
   382.9 ZTRK t=39144 n=137 min=0 max=50 over=0 pen=0 thr=300
   385.0 STATUS touch s/e=28122/0 irq=0 z1max=53 z2min=3942 zmax=153 rx=4294967295-0 ry=4294967295-0 first=0,0 last=0,0->0,0 wdt f/s=141
   385.0 ZTRK t=39361 n=146 min=0 max=43 over=0 pen=0 thr=300
   387.1 STATUS touch s/e=28271/0 irq=0 z1max=53 z2min=3942 zmax=153 rx=4294967295-0 ry=4294967295-0 first=0,0 last=0,0->0,0 wdt f/s=141
   387.1 ZTRK t=39569 n=156 min=0 max=65 over=0 pen=0 thr=300
   389.2 STATUS touch s/e=28421/0 irq=0 z1max=53 z2min=3942 zmax=153 rx=4294967295-0 ry=4294967295-0 first=0,0 last=0,0->0,0 wdt f/s=142
   389.2 ZTRK t=39776 n=143 min=0 max=66 over=0 pen=0 thr=300
   391.3 STATUS touch s/e=28570/0 irq=0 z1max=53 z2min=3942 zmax=153 rx=4294967295-0 ry=4294967295-0 first=0,0 last=0,0->0,0 wdt f/s=143
   391.3 ZTRK t=39983 n=156 min=0 max=55 over=0 pen=0 thr=300
   393.4 STATUS touch s/e=28720/0 irq=0 z1max=53 z2min=3942 zmax=153 rx=4294967295-0 ry=4294967295-0 first=0,0 last=0,0->0,0 wdt f/s=144
   393.4 ZTRK t=40190 n=143 min=0 max=55 over=0 pen=0 thr=300
   395.5 STATUS touch s/e=28869/0 irq=0 z1max=53 z2min=3942 zmax=153 rx=4294967295-0 ry=4294967295-0 first=0,0 last=0,0->0,0 wdt f/s=144
   395.5 ZTRK t=40397 n=156 min=0 max=34 over=0 pen=0 thr=300
   397.6 STATUS touch s/e=29018/0 irq=0 z1max=53 z2min=3942 zmax=153 rx=4294967295-0 ry=4294967295-0 first=0,0 last=0,0->0,0 wdt f/s=145
   397.6 ZTRK t=40605 n=142 min=0 max=55 over=0 pen=0 thr=300
   399.7 STATUS touch s/e=29166/0 irq=0 z1max=53 z2min=3942 zmax=153 rx=4294967295-0 ry=4294967295-0 first=0,0 last=0,0->0,0 wdt f/s=146
   399.7 ZTRK t=40813 n=155 min=0 max=51 over=0 pen=0 thr=300
   401.7 STATUS touch s/e=29303/0 irq=0 z1max=53 z2min=3942 zmax=153 rx=4294967295-0 ry=4294967295-0 first=0,0 last=0,0->0,0 wdt f/s=147
   401.7 ZTRK t=41010 n=136 min=0 max=51 over=0 pen=0 thr=300
   403.9 STATUS touch s/e=29456/0 irq=0 z1max=53 z2min=3942 zmax=153 rx=4294967295-0 ry=4294967295-0 first=0,0 last=0,0->0,0 wdt f/s=147
   403.9 ZTRK t=41226 n=147 min=0 max=51 over=0 pen=0 thr=300
   405.9 STATUS touch s/e=29591/0 irq=0 z1max=53 z2min=3942 zmax=153 rx=4294967295-0 ry=4294967295-0 first=0,0 last=0,0->0,0 wdt f/s=148
   405.9 ZTRK t=41423 n=141 min=0 max=62 over=0 pen=0 thr=300
   408.0 STATUS touch s/e=29745/0 irq=0 z1max=53 z2min=3942 zmax=153 rx=4294967295-0 ry=4294967295-0 first=0,0 last=0,0->0,0 wdt f/s=149
   408.0 ZTRK t=41639 n=155 min=0 max=42 over=0 pen=0 thr=300
   410.1 STATUS touch s/e=29894/0 irq=0 z1max=53 z2min=3942 zmax=153 rx=4294967295-0 ry=4294967295-0 first=0,0 last=0,0->0,0 wdt f/s=149
   410.1 ZTRK t=41847 n=142 min=0 max=43 over=0 pen=0 thr=300
   412.2 STATUS touch s/e=30043/0 irq=0 z1max=53 z2min=3942 zmax=153 rx=4294967295-0 ry=4294967295-0 first=0,0 last=0,0->0,0 wdt f/s=150
   412.2 ZTRK t=42055 n=156 min=0 max=67 over=0 pen=0 thr=300
   414.3 STATUS touch s/e=30193/0 irq=0 z1max=53 z2min=3942 zmax=153 rx=4294967295-0 ry=4294967295-0 first=0,0 last=0,0->0,0 wdt f/s=151
   414.3 ZTRK t=42262 n=143 min=0 max=34 over=0 pen=0 thr=300
   416.4 STATUS touch s/e=30342/0 irq=0 z1max=53 z2min=3942 zmax=153 rx=4294967295-0 ry=4294967295-0 first=0,0 last=0,0->0,0 wdt f/s=152
   416.4 ZTRK t=42470 n=156 min=0 max=51 over=0 pen=0 thr=300
   418.5 STATUS touch s/e=30492/0 irq=0 z1max=53 z2min=3942 zmax=153 rx=4294967295-0 ry=4294967295-0 first=0,0 last=0,0->0,0 wdt f/s=152
   418.5 ZTRK t=42677 n=149 min=0 max=145 over=0 pen=0 thr=300
   420.2 STATUS touch s/e=30619/0 irq=0 z1max=53 z2min=3942 zmax=153 rx=4294967295-0 ry=4294967295-0 first=0,0 last=0,0->0,0 wdt f/s=153
   420.2 ZTRK t=42844 n=122 min=0 max=67 over=0 pen=0 thr=300
   422.7 STATUS touch s/e=30775/0 irq=0 z1max=53 z2min=3942 zmax=153 rx=4294967295-0 ry=4294967295-0 first=0,0 last=0,0->0,0 wdt f/s=154
   422.7 ZTRK t=43082 n=161 min=0 max=62 over=0 pen=0 thr=300
   424.6 STATUS touch s/e=30917/0 irq=0 z1max=53 z2min=3942 zmax=153 rx=4294967295-0 ry=4294967295-0 first=0,0 last=0,0->0,0 wdt f/s=155
   424.6 ZTRK t=43280 n=143 min=0 max=51 over=0 pen=0 thr=300
   426.9 STATUS touch s/e=31070/0 irq=0 z1max=53 z2min=3942 zmax=153 rx=4294967295-0 ry=4294967295-0 first=0,0 last=0,0->0,0 wdt f/s=155
   426.9 ZTRK t=43496 n=146 min=0 max=27 over=0 pen=0 thr=300
   428.9 STATUS touch s/e=31211/0 irq=0 z1max=53 z2min=3942 zmax=153 rx=4294967295-0 ry=4294967295-0 first=0,0 last=0,0->0,0 wdt f/s=156
   428.9 ZTRK t=43702 n=147 min=0 max=62 over=0 pen=0 thr=300
   431.1 STATUS touch s/e=31359/0 irq=0 z1max=53 z2min=3942 zmax=153 rx=4294967295-0 ry=4294967295-0 first=0,0 last=0,0->0,0 wdt f/s=157
   431.1 ZTRK t=43918 n=149 min=0 max=49 over=0 pen=0 thr=300
   433.1 STATUS touch s/e=31509/0 irq=0 z1max=53 z2min=3942 zmax=153 rx=4294967295-0 ry=4294967295-0 first=0,0 last=0,0->0,0 wdt f/s=158
   433.1 ZTRK t=44125 n=143 min=0 max=39 over=0 pen=0 thr=300
   435.3 STATUS touch s/e=31657/0 irq=0 z1max=53 z2min=3942 zmax=153 rx=4294967295-0 ry=4294967295-0 first=0,0 last=0,0->0,0 wdt f/s=158
   435.3 ZTRK t=44333 n=155 min=0 max=67 over=0 pen=0 thr=300
   437.4 STATUS touch s/e=31806/0 irq=0 z1max=53 z2min=3942 zmax=153 rx=4294967295-0 ry=4294967295-0 first=0,0 last=0,0->0,0 wdt f/s=159
   437.4 ZTRK t=44532 n=142 min=0 max=63 over=0 pen=0 thr=300
   439.5 STATUS touch s/e=31955/0 irq=0 z1max=53 z2min=3942 zmax=153 rx=4294967295-0 ry=4294967295-0 first=0,0 last=0,0->0,0 wdt f/s=160
   439.5 ZTRK t=44748 n=156 min=0 max=55 over=0 pen=0 thr=300
   441.6 STATUS touch s/e=32104/0 irq=0 z1max=53 z2min=3942 zmax=153 rx=4294967295-0 ry=4294967295-0 first=0,0 last=0,0->0,0 wdt f/s=161
   441.6 ZTRK t=44956 n=142 min=0 max=43 over=0 pen=0 thr=300
   443.4 STATUS touch s/e=32235/0 irq=0 z1max=53 z2min=3942 zmax=153 rx=4294967295-0 ry=4294967295-0 first=0,0 last=0,0->0,0 wdt f/s=161
   443.4 ZTRK t=45140 n=137 min=0 max=69 over=0 pen=0 thr=300
   445.6 STATUS touch s/e=32381/0 irq=0 z1max=53 z2min=3942 zmax=153 rx=4294967295-0 ry=4294967295-0 first=0,0 last=0,0->0,0 wdt f/s=162
   445.6 ZTRK t=45352 n=146 min=0 max=35 over=0 pen=0 thr=300
   447.8 STATUS touch s/e=32532/0 irq=0 z1max=53 z2min=3942 zmax=153 rx=4294967295-0 ry=4294967295-0 first=0,0 last=0,0->0,0 wdt f/s=163
   447.8 ZTRK t=45569 n=145 min=0 max=147 over=0 pen=0 thr=300
   449.8 STATUS touch s/e=32681/0 irq=0 z1max=53 z2min=3942 zmax=153 rx=4294967295-0 ry=4294967295-0 first=0,0 last=0,0->0,0 wdt f/s=163
   449.8 ZTRK t=45776 n=156 min=0 max=51 over=0 pen=0 thr=300
   451.9 STATUS touch s/e=32831/0 irq=0 z1max=53 z2min=3942 zmax=153 rx=4294967295-0 ry=4294967295-0 first=0,0 last=0,0->0,0 wdt f/s=164
   451.9 ZTRK t=45983 n=143 min=0 max=150 over=0 pen=0 thr=300
   454.0 STATUS touch s/e=32980/0 irq=0 z1max=53 z2min=3942 zmax=153 rx=4294967295-0 ry=4294967295-0 first=0,0 last=0,0->0,0 wdt f/s=165
   454.0 ZTRK t=46190 n=156 min=0 max=55 over=0 pen=0 thr=300
   456.1 STATUS touch s/e=33130/0 irq=0 z1max=53 z2min=3942 zmax=153 rx=4294967295-0 ry=4294967295-0 first=0,0 last=0,0->0,0 wdt f/s=166
   456.1 ZTRK t=46397 n=143 min=0 max=34 over=0 pen=0 thr=300
   457.8 STATUS touch s/e=33256/0 irq=0 z1max=53 z2min=3942 zmax=153 rx=4294967295-0 ry=4294967295-0 first=0,0 last=0,0->0,0 wdt f/s=166
   457.8 ZTRK t=46565 n=127 min=0 max=43 over=0 pen=0 thr=300
   460.3 STATUS touch s/e=33412/0 irq=0 z1max=53 z2min=3942 zmax=153 rx=4294967295-0 ry=4294967295-0 first=0,0 last=0,0->0,0 wdt f/s=167
   460.3 ZTRK t=46802 n=161 min=0 max=26 over=0 pen=0 thr=300
   462.4 STATUS touch s/e=33568/0 irq=0 z1max=53 z2min=3942 zmax=153 rx=4294967295-0 ry=4294967295-0 first=0,0 last=0,0->0,0 wdt f/s=168
   462.4 ZTRK t=47018 n=150 min=0 max=45 over=0 pen=0 thr=300
   464.5 STATUS touch s/e=33717/0 irq=0 z1max=53 z2min=3942 zmax=153 rx=4294967295-0 ry=4294967295-0 first=0,0 last=0,0->0,0 wdt f/s=169
   464.5 ZTRK t=47225 n=156 min=0 max=63 over=0 pen=0 thr=300
   466.6 STATUS touch s/e=33867/0 irq=0 z1max=53 z2min=3942 zmax=153 rx=4294967295-0 ry=4294967295-0 first=0,0 last=0,0->0,0 wdt f/s=169
   466.6 ZTRK t=47432 n=143 min=0 max=55 over=0 pen=0 thr=300
   468.7 STATUS touch s/e=34016/0 irq=0 z1max=53 z2min=3942 zmax=153 rx=4294967295-0 ry=4294967295-0 first=0,0 last=0,0->0,0 wdt f/s=170
   468.7 ZTRK t=47639 n=156 min=0 max=51 over=0 pen=0 thr=300
   470.8 STATUS touch s/e=34166/0 irq=0 z1max=53 z2min=3942 zmax=153 rx=4294967295-0 ry=4294967295-0 first=0,0 last=0,0->0,0 wdt f/s=171
   470.8 ZTRK t=47846 n=143 min=0 max=46 over=0 pen=0 thr=300
   472.9 STATUS touch s/e=34315/0 irq=0 z1max=53 z2min=3942 zmax=153 rx=4294967295-0 ry=4294967295-0 first=0,0 last=0,0->0,0 wdt f/s=172
   472.9 ZTRK t=48053 n=156 min=0 max=54 over=0 pen=0 thr=300
   475.0 STATUS touch s/e=34465/0 irq=0 z1max=53 z2min=3942 zmax=153 rx=4294967295-0 ry=4294967295-0 first=0,0 last=0,0->0,0 wdt f/s=172
   475.0 ZTRK t=48260 n=143 min=0 max=55 over=0 pen=0 thr=300
   477.0 STATUS touch s/e=34604/0 irq=0 z1max=53 z2min=3942 zmax=153 rx=4294967295-0 ry=4294967295-0 first=0,0 last=0,0->0,0 wdt f/s=173
   477.0 ZTRK t=48457 n=145 min=0 max=49 over=0 pen=0 thr=300
   479.2 STATUS touch s/e=34753/0 irq=0 z1max=53 z2min=3942 zmax=153 rx=4294967295-0 ry=4294967295-0 first=0,0 last=0,0->0,0 wdt f/s=174
   479.2 ZTRK t=48674 n=150 min=0 max=49 over=0 pen=0 thr=300
   481.2 STATUS touch s/e=34903/0 irq=0 z1max=53 z2min=3942 zmax=153 rx=4294967295-0 ry=4294967295-0 first=0,0 last=0,0->0,0 wdt f/s=175
   481.2 ZTRK t=48881 n=143 min=0 max=50 over=0 pen=0 thr=300
   483.3 STATUS touch s/e=35051/0 irq=0 z1max=53 z2min=3942 zmax=153 rx=4294967295-0 ry=4294967295-0 first=0,0 last=0,0->0,0 wdt f/s=175
   483.3 ZTRK t=49089 n=155 min=0 max=42 over=0 pen=0 thr=300
   485.4 STATUS touch s/e=35192/0 irq=0 z1max=53 z2min=3942 zmax=153 rx=4294967295-0 ry=4294967295-0 first=0,0 last=0,0->0,0 wdt f/s=176
   485.4 ZTRK t=49287 n=140 min=0 max=47 over=0 pen=0 thr=300
   487.5 STATUS touch s/e=35332/0 irq=0 z1max=53 z2min=3942 zmax=153 rx=4294967295-0 ry=4294967295-0 first=0,0 last=0,0->0,0 wdt f/s=177
   487.5 ZTRK t=49490 n=140 min=0 max=51 over=0 pen=0 thr=300
   489.6 STATUS touch s/e=35485/0 irq=0 z1max=53 z2min=3942 zmax=153 rx=4294967295-0 ry=4294967295-0 first=0,0 last=0,0->0,0 wdt f/s=178
   489.6 ZTRK t=49707 n=147 min=0 max=39 over=0 pen=0 thr=300
   491.7 STATUS touch s/e=35634/0 irq=0 z1max=53 z2min=3942 zmax=153 rx=4294967295-0 ry=4294967295-0 first=0,0 last=0,0->0,0 wdt f/s=178
   491.7 ZTRK t=49914 n=156 min=0 max=51 over=0 pen=0 thr=300
   493.7 STATUS touch s/e=35771/0 irq=0 z1max=53 z2min=3942 zmax=153 rx=4294967295-0 ry=4294967295-0 first=0,0 last=0,0->0,0 wdt f/s=179
   493.7 ZTRK t=50111 n=136 min=0 max=54 over=0 pen=0 thr=300
   495.9 STATUS touch s/e=35924/0 irq=0 z1max=53 z2min=3942 zmax=153 rx=4294967295-0 ry=4294967295-0 first=0,0 last=0,0->0,0 wdt f/s=180
   495.9 ZTRK t=50327 n=147 min=0 max=51 over=0 pen=0 thr=300
   498.0 STATUS touch s/e=36073/0 irq=0 z1max=53 z2min=3942 zmax=153 rx=4294967295-0 ry=4294967295-0 first=0,0 last=0,0->0,0 wdt f/s=180
   498.0 ZTRK t=50534 n=156 min=0 max=66 over=0 pen=0 thr=300
   500.0 STATUS touch s/e=36223/0 irq=0 z1max=53 z2min=3942 zmax=153 rx=4294967295-0 ry=4294967295-0 first=0,0 last=0,0->0,0 wdt f/s=181
   500.0 ZTRK t=50741 n=143 min=0 max=43 over=0 pen=0 thr=300
   502.2 STATUS touch s/e=36371/0 irq=0 z1max=53 z2min=3942 zmax=153 rx=4294967295-0 ry=4294967295-0 first=0,0 last=0,0->0,0 wdt f/s=182
   502.2 ZTRK t=50949 n=155 min=0 max=67 over=0 pen=0 thr=300
   504.3 STATUS touch s/e=36520/0 irq=0 z1max=53 z2min=3942 zmax=153 rx=4294967295-0 ry=4294967295-0 first=0,0 last=0,0->0,0 wdt f/s=183
   504.3 ZTRK t=51148 n=142 min=0 max=47 over=0 pen=0 thr=300
   506.3 STATUS touch s/e=36669/0 irq=0 z1max=53 z2min=3942 zmax=153 rx=4294967295-0 ry=4294967295-0 first=0,0 last=0,0->0,0 wdt f/s=183
   506.3 ZTRK t=51364 n=156 min=0 max=47 over=0 pen=0 thr=300
   508.4 STATUS touch s/e=36818/0 irq=0 z1max=53 z2min=3942 zmax=153 rx=4294967295-0 ry=4294967295-0 first=0,0 last=0,0->0,0 wdt f/s=184
   508.4 ZTRK t=51572 n=142 min=0 max=55 over=0 pen=0 thr=300
   510.6 STATUS touch s/e=36967/0 irq=0 z1max=53 z2min=3942 zmax=153 rx=4294967295-0 ry=4294967295-0 first=0,0 last=0,0->0,0 wdt f/s=185
   510.6 ZTRK t=51780 n=156 min=0 max=53 over=0 pen=0 thr=300
   512.6 STATUS touch s/e=37117/0 irq=0 z1max=53 z2min=3942 zmax=153 rx=4294967295-0 ry=4294967295-0 first=0,0 last=0,0->0,0 wdt f/s=186
   512.6 ZTRK t=51987 n=143 min=0 max=55 over=0 pen=0 thr=300
   514.7 STATUS touch s/e=37266/0 irq=0 z1max=53 z2min=3942 zmax=153 rx=4294967295-0 ry=4294967295-0 first=0,0 last=0,0->0,0 wdt f/s=186
   514.7 ZTRK t=52195 n=156 min=0 max=50 over=0 pen=0 thr=300
   516.7 STATUS touch s/e=37401/0 irq=0 z1max=53 z2min=3942 zmax=153 rx=4294967295-0 ry=4294967295-0 first=0,0 last=0,0->0,0 wdt f/s=187
   516.7 ZTRK t=52384 n=134 min=0 max=52 over=0 pen=0 thr=300
   518.9 STATUS touch s/e=37555/0 irq=0 z1max=53 z2min=3942 zmax=153 rx=4294967295-0 ry=4294967295-0 first=0,0 last=0,0->0,0 wdt f/s=188
   518.9 ZTRK t=52609 n=148 min=0 max=51 over=0 pen=0 thr=300
   521.0 STATUS touch s/e=37703/0 irq=0 z1max=53 z2min=3942 zmax=153 rx=4294967295-0 ry=4294967295-0 first=0,0 last=0,0->0,0 wdt f/s=189
   521.0 ZTRK t=52817 n=155 min=0 max=39 over=0 pen=0 thr=300
   523.1 STATUS touch s/e=37852/0 irq=0 z1max=53 z2min=3942 zmax=153 rx=4294967295-0 ry=4294967295-0 first=0,0 last=0,0->0,0 wdt f/s=189
   523.1 ZTRK t=53016 n=142 min=0 max=27 over=0 pen=0 thr=300
   525.2 STATUS touch s/e=38001/0 irq=0 z1max=53 z2min=3942 zmax=153 rx=4294967295-0 ry=4294967295-0 first=0,0 last=0,0->0,0 wdt f/s=190
   525.2 ZTRK t=53232 n=156 min=0 max=47 over=0 pen=0 thr=300
   527.3 STATUS touch s/e=38150/0 irq=0 z1max=53 z2min=3942 zmax=153 rx=4294967295-0 ry=4294967295-0 first=0,0 last=0,0->0,0 wdt f/s=191
   527.3 ZTRK t=53440 n=142 min=0 max=63 over=0 pen=0 thr=300
   529.4 STATUS touch s/e=38299/0 irq=0 z1max=53 z2min=3942 zmax=153 rx=4294967295-0 ry=4294967295-0 first=0,0 last=0,0->0,0 wdt f/s=192
   529.4 ZTRK t=53648 n=156 min=0 max=33 over=0 pen=0 thr=300
   531.4 STATUS touch s/e=38441/0 irq=0 z1max=53 z2min=3942 zmax=153 rx=4294967295-0 ry=4294967295-0 first=0,0 last=0,0->0,0 wdt f/s=192
   531.4 ZTRK t=53845 n=141 min=0 max=55 over=0 pen=0 thr=300
   533.6 STATUS touch s/e=38589/0 irq=0 z1max=53 z2min=3942 zmax=153 rx=4294967295-0 ry=4294967295-0 first=0,0 last=0,0->0,0 wdt f/s=193
   533.6 ZTRK t=54062 n=142 min=0 max=67 over=0 pen=0 thr=300
   535.7 STATUS touch s/e=38738/0 irq=0 z1max=53 z2min=3942 zmax=153 rx=4294967295-0 ry=4294967295-0 first=0,0 last=0,0->0,0 wdt f/s=194
   535.7 ZTRK t=54269 n=156 min=0 max=39 over=0 pen=0 thr=300
   537.8 STATUS touch s/e=38888/0 irq=0 z1max=53 z2min=3942 zmax=153 rx=4294967295-0 ry=4294967295-0 first=0,0 last=0,0->0,0 wdt f/s=195
   537.8 ZTRK t=54476 n=143 min=0 max=43 over=0 pen=0 thr=300
   539.9 STATUS touch s/e=39036/0 irq=0 z1max=53 z2min=3942 zmax=153 rx=4294967295-0 ry=4294967295-0 first=0,0 last=0,0->0,0 wdt f/s=195
   539.9 ZTRK t=54684 n=155 min=0 max=34 over=0 pen=0 thr=300
   542.0 STATUS touch s/e=39185/0 irq=0 z1max=53 z2min=3942 zmax=153 rx=4294967295-0 ry=4294967295-0 first=0,0 last=0,0->0,0 wdt f/s=196
   542.0 ZTRK t=54883 n=142 min=0 max=61 over=0 pen=0 thr=300
   544.1 STATUS touch s/e=39334/0 irq=0 z1max=53 z2min=3942 zmax=153 rx=4294967295-0 ry=4294967295-0 first=0,0 last=0,0->0,0 wdt f/s=197
   544.1 ZTRK t=55099 n=156 min=0 max=66 over=0 pen=0 thr=300
   546.0 STATUS touch s/e=39470/0 irq=0 z1max=53 z2min=3942 zmax=153 rx=4294967295-0 ry=4294967295-0 first=0,0 last=0,0->0,0 wdt f/s=198
   546.0 ZTRK t=55288 n=135 min=0 max=43 over=0 pen=0 thr=300
   548.3 STATUS touch s/e=39623/0 irq=0 z1max=53 z2min=3942 zmax=153 rx=4294967295-0 ry=4294967295-0 first=0,0 last=0,0->0,0 wdt f/s=198
   548.3 ZTRK t=55513 n=153 min=0 max=54 over=0 pen=0 thr=300
   550.4 STATUS touch s/e=39772/0 irq=0 z1max=53 z2min=3942 zmax=153 rx=4294967295-0 ry=4294967295-0 first=0,0 last=0,0->0,0 wdt f/s=199
   550.4 ZTRK t=55720 n=150 min=0 max=66 over=0 pen=0 thr=300
   552.5 STATUS touch s/e=39922/0 irq=0 z1max=53 z2min=3942 zmax=153 rx=4294967295-0 ry=4294967295-0 first=0,0 last=0,0->0,0 wdt f/s=200
   552.5 ZTRK t=55927 n=143 min=0 max=29 over=0 pen=0 thr=300
   554.6 STATUS touch s/e=40071/0 irq=0 z1max=53 z2min=3942 zmax=153 rx=4294967295-0 ry=4294967295-0 first=0,0 last=0,0->0,0 wdt f/s=201
   554.6 ZTRK t=56135 n=156 min=0 max=27 over=0 pen=0 thr=300
   556.7 STATUS touch s/e=40221/0 irq=0 z1max=53 z2min=3942 zmax=153 rx=4294967295-0 ry=4294967295-0 first=0,0 last=0,0->0,0 wdt f/s=201
   556.7 ZTRK t=56342 n=143 min=0 max=59 over=0 pen=0 thr=300
   558.6 STATUS touch s/e=40357/0 irq=0 z1max=53 z2min=3942 zmax=153 rx=4294967295-0 ry=4294967295-0 first=0,0 last=0,0->0,0 wdt f/s=202
   558.6 ZTRK t=56530 n=143 min=0 max=47 over=0 pen=0 thr=300
   560.9 STATUS touch s/e=40510/0 irq=0 z1max=53 z2min=3942 zmax=153 rx=4294967295-0 ry=4294967295-0 first=0,0 last=0,0->0,0 wdt f/s=203
   560.9 ZTRK t=56755 n=153 min=0 max=46 over=0 pen=0 thr=300
   562.9 STATUS touch s/e=40660/0 irq=0 z1max=53 z2min=3942 zmax=153 rx=4294967295-0 ry=4294967295-0 first=0,0 last=0,0->0,0 wdt f/s=203
   562.9 ZTRK t=56962 n=143 min=0 max=67 over=0 pen=0 thr=300
   565.0 STATUS touch s/e=40809/0 irq=0 z1max=53 z2min=3942 zmax=153 rx=4294967295-0 ry=4294967295-0 first=0,0 last=0,0->0,0 wdt f/s=204
   565.0 ZTRK t=57169 n=156 min=0 max=51 over=0 pen=0 thr=300
   567.1 STATUS touch s/e=40959/0 irq=0 z1max=53 z2min=3942 zmax=153 rx=4294967295-0 ry=4294967295-0 first=0,0 last=0,0->0,0 wdt f/s=205
   567.1 ZTRK t=57376 n=149 min=0 max=83 over=0 pen=0 thr=300
   569.2 STATUS touch s/e=41108/0 irq=0 z1max=53 z2min=3942 zmax=153 rx=4294967295-0 ry=4294967295-0 first=0,0 last=0,0->0,0 wdt f/s=206
   569.2 ZTRK t=57583 n=150 min=0 max=43 over=0 pen=0 thr=300
   571.3 STATUS touch s/e=41258/0 irq=0 z1max=53 z2min=3942 zmax=153 rx=4294967295-0 ry=4294967295-0 first=0,0 last=0,0->0,0 wdt f/s=206
   571.3 ZTRK t=57790 n=143 min=0 max=49 over=0 pen=0 thr=300
   573.4 STATUS touch s/e=41407/0 irq=0 z1max=53 z2min=3942 zmax=153 rx=4294967295-0 ry=4294967295-0 first=0,0 last=0,0->0,0 wdt f/s=207
   573.4 ZTRK t=57997 n=156 min=0 max=63 over=0 pen=0 thr=300
   575.5 STATUS touch s/e=41557/0 irq=0 z1max=53 z2min=3942 zmax=153 rx=4294967295-0 ry=4294967295-0 first=0,0 last=0,0->0,0 wdt f/s=208
   575.5 ZTRK t=58204 n=143 min=0 max=51 over=0 pen=0 thr=300
   577.6 STATUS touch s/e=41706/0 irq=0 z1max=53 z2min=3942 zmax=153 rx=4294967295-0 ry=4294967295-0 first=0,0 last=0,0->0,0 wdt f/s=209
   577.6 ZTRK t=58411 n=156 min=0 max=43 over=0 pen=0 thr=300
   579.7 STATUS touch s/e=41856/0 irq=0 z1max=53 z2min=3942 zmax=153 rx=4294967295-0 ry=4294967295-0 first=0,0 last=0,0->0,0 wdt f/s=209
   579.7 ZTRK t=58618 n=143 min=0 max=55 over=0 pen=0 thr=300
   581.8 STATUS touch s/e=42005/0 irq=0 z1max=53 z2min=3942 zmax=153 rx=4294967295-0 ry=4294967295-0 first=0,0 last=0,0->0,0 wdt f/s=210
   581.8 ZTRK t=58825 n=156 min=0 max=27 over=0 pen=0 thr=300
   583.7 STATUS touch s/e=42148/0 irq=0 z1max=53 z2min=3942 zmax=153 rx=4294967295-0 ry=4294967295-0 first=0,0 last=0,0->0,0 wdt f/s=211
   583.7 ZTRK t=59015 n=137 min=0 max=49 over=0 pen=0 thr=300
   585.8 STATUS touch s/e=42283/0 irq=0 z1max=53 z2min=3942 zmax=153 rx=4294967295-0 ry=4294967295-0 first=0,0 last=0,0->0,0 wdt f/s=212
   585.8 ZTRK t=59220 n=140 min=0 max=47 over=0 pen=0 thr=300
   588.1 STATUS touch s/e=42444/0 irq=0 z1max=53 z2min=3942 zmax=153 rx=4294967295-0 ry=4294967295-0 first=0,0 last=0,0->0,0 wdt f/s=212
   588.1 ZTRK t=59445 n=162 min=0 max=53 over=0 pen=0 thr=300
   590.2 STATUS touch s/e=42593/0 irq=0 z1max=53 z2min=3942 zmax=153 rx=4294967295-0 ry=4294967295-0 first=0,0 last=0,0->0,0 wdt f/s=213
   590.2 ZTRK t=59653 n=142 min=0 max=51 over=0 pen=0 thr=300
   592.3 STATUS touch s/e=42741/0 irq=0 z1max=53 z2min=3942 zmax=153 rx=4294967295-0 ry=4294967295-0 first=0,0 last=0,0->0,0 wdt f/s=214
   592.3 ZTRK t=59861 n=155 min=0 max=35 over=0 pen=0 thr=300
   594.4 STATUS touch s/e=42891/0 irq=0 z1max=53 z2min=3942 zmax=153 rx=4294967295-0 ry=4294967295-0 first=0,0 last=0,0->0,0 wdt f/s=215
   594.4 ZTRK t=60068 n=143 min=0 max=66 over=0 pen=0 thr=300
   596.5 STATUS touch s/e=43039/0 irq=0 z1max=53 z2min=3942 zmax=153 rx=4294967295-0 ry=4294967295-0 first=0,0 last=0,0->0,0 wdt f/s=215
   596.5 ZTRK t=60276 n=155 min=0 max=147 over=0 pen=0 thr=300
   598.6 STATUS touch s/e=43189/0 irq=0 z1max=53 z2min=3942 zmax=153 rx=4294967295-0 ry=4294967295-0 first=0,0 last=0,0->0,0 wdt f/s=216
   598.6 ZTRK t=60484 n=149 min=0 max=59 over=0 pen=0 thr=300
   600.6 STATUS touch s/e=43338/0 irq=0 z1max=53 z2min=3942 zmax=153 rx=4294967295-0 ry=4294967295-0 first=0,0 last=0,0->0,0 wdt f/s=217
   600.6 ZTRK t=60691 n=150 min=0 max=38 over=0 pen=0 thr=300
   602.8 STATUS touch s/e=43488/0 irq=0 z1max=53 z2min=3942 zmax=153 rx=4294967295-0 ry=4294967295-0 first=0,0 last=0,0->0,0 wdt f/s=218
   602.8 ZTRK t=60899 n=149 min=0 max=43 over=0 pen=0 thr=300
   604.9 STATUS touch s/e=43637/0 irq=0 z1max=53 z2min=3942 zmax=153 rx=4294967295-0 ry=4294967295-0 first=0,0 last=0,0->0,0 wdt f/s=218
   604.9 ZTRK t=61106 n=150 min=0 max=25 over=0 pen=0 thr=300
   606.8 STATUS touch s/e=43779/0 irq=0 z1max=53 z2min=3942 zmax=153 rx=4294967295-0 ry=4294967295-0 first=0,0 last=0,0->0,0 wdt f/s=219
   606.8 ZTRK t=61303 n=141 min=0 max=59 over=0 pen=0 thr=300
   609.0 STATUS touch s/e=43927/0 irq=0 z1max=53 z2min=3942 zmax=153 rx=4294967295-0 ry=4294967295-0 first=0,0 last=0,0->0,0 wdt f/s=220
   609.0 ZTRK t=61519 n=148 min=0 max=54 over=0 pen=0 thr=300
   611.1 STATUS touch s/e=44075/0 irq=0 z1max=53 z2min=3942 zmax=153 rx=4294967295-0 ry=4294967295-0 first=0,0 last=0,0->0,0 wdt f/s=221
   611.1 ZTRK t=61727 n=149 min=0 max=62 over=0 pen=0 thr=300
   613.2 STATUS touch s/e=44225/0 irq=0 z1max=53 z2min=3942 zmax=153 rx=4294967295-0 ry=4294967295-0 first=0,0 last=0,0->0,0 wdt f/s=221
   613.2 ZTRK t=61934 n=149 min=0 max=27 over=0 pen=0 thr=300
   615.3 STATUS touch s/e=44373/0 irq=0 z1max=53 z2min=3942 zmax=153 rx=4294967295-0 ry=4294967295-0 first=0,0 last=0,0->0,0 wdt f/s=222
   615.3 ZTRK t=62142 n=149 min=0 max=66 over=0 pen=0 thr=300
   617.4 STATUS touch s/e=44522/0 irq=0 z1max=53 z2min=3942 zmax=153 rx=4294967295-0 ry=4294967295-0 first=0,0 last=0,0->0,0 wdt f/s=223
   617.4 ZTRK t=62350 n=148 min=0 max=46 over=0 pen=0 thr=300
   619.5 STATUS touch s/e=44671/0 irq=0 z1max=53 z2min=3942 zmax=153 rx=4294967295-0 ry=4294967295-0 first=0,0 last=0,0->0,0 wdt f/s=224
   619.5 ZTRK t=62557 n=150 min=0 max=43 over=0 pen=0 thr=300
   621.6 STATUS touch s/e=44821/0 irq=0 z1max=53 z2min=3942 zmax=153 rx=4294967295-0 ry=4294967295-0 first=0,0 last=0,0->0,0 wdt f/s=224
   621.6 ZTRK t=62765 n=149 min=0 max=48 over=0 pen=0 thr=300
   623.7 STATUS touch s/e=44970/0 irq=0 z1max=53 z2min=3942 zmax=153 rx=4294967295-0 ry=4294967295-0 first=0,0 last=0,0->0,0 wdt f/s=225
   623.7 ZTRK t=62973 n=150 min=0 max=56 over=0 pen=0 thr=300
   625.7 STATUS touch s/e=45111/0 irq=0 z1max=53 z2min=3942 zmax=153 rx=4294967295-0 ry=4294967295-0 first=0,0 last=0,0->0,0 wdt f/s=226
   625.7 ZTRK t=63170 n=140 min=0 max=43 over=0 pen=0 thr=300
   627.9 STATUS touch s/e=45260/0 irq=0 z1max=53 z2min=3942 zmax=153 rx=4294967295-0 ry=4294967295-0 first=0,0 last=0,0->0,0 wdt f/s=227
   627.9 ZTRK t=63387 n=149 min=0 max=43 over=0 pen=0 thr=300
   630.0 STATUS touch s/e=45409/0 irq=0 z1max=53 z2min=3942 zmax=153 rx=4294967295-0 ry=4294967295-0 first=0,0 last=0,0->0,0 wdt f/s=227
   630.0 ZTRK t=63594 n=150 min=0 max=26 over=0 pen=0 thr=300
   632.1 STATUS touch s/e=45559/0 irq=0 z1max=53 z2min=3942 zmax=153 rx=4294967295-0 ry=4294967295-0 first=0,0 last=0,0->0,0 wdt f/s=228
   632.1 ZTRK t=63801 n=149 min=0 max=67 over=0 pen=0 thr=300
   634.2 STATUS touch s/e=45707/0 irq=0 z1max=53 z2min=3942 zmax=153 rx=4294967295-0 ry=4294967295-0 first=0,0 last=0,0->0,0 wdt f/s=229
   634.2 ZTRK t=64009 n=149 min=0 max=58 over=0 pen=0 thr=300
   636.3 STATUS touch s/e=45856/0 irq=0 z1max=53 z2min=3942 zmax=153 rx=4294967295-0 ry=4294967295-0 first=0,0 last=0,0->0,0 wdt f/s=230
   636.3 ZTRK t=64217 n=148 min=0 max=55 over=0 pen=0 thr=300
   638.4 STATUS touch s/e=46005/0 irq=0 z1max=53 z2min=3942 zmax=153 rx=4294967295-0 ry=4294967295-0 first=0,0 last=0,0->0,0 wdt f/s=230
   638.4 ZTRK t=64424 n=150 min=0 max=35 over=0 pen=0 thr=300
   640.4 STATUS touch s/e=46141/0 irq=0 z1max=53 z2min=3942 zmax=153 rx=4294967295-0 ry=4294967295-0 first=0,0 last=0,0->0,0 wdt f/s=231
   640.4 ZTRK t=64622 n=135 min=0 max=81 over=0 pen=0 thr=300
   642.6 STATUS touch s/e=46295/0 irq=0 z1max=53 z2min=3942 zmax=153 rx=4294967295-0 ry=4294967295-0 first=0,0 last=0,0->0,0 wdt f/s=232
   642.6 ZTRK t=64838 n=154 min=0 max=63 over=0 pen=0 thr=300
   644.7 STATUS touch s/e=46444/0 irq=0 z1max=53 z2min=3942 zmax=153 rx=4294967295-0 ry=4294967295-0 first=0,0 last=0,0->0,0 wdt f/s=233
   644.7 ZTRK t=65045 n=150 min=0 max=43 over=0 pen=0 thr=300
   646.8 STATUS touch s/e=46594/0 irq=0 z1max=53 z2min=3942 zmax=153 rx=4294967295-0 ry=4294967295-0 first=0,0 last=0,0->0,0 wdt f/s=233
   646.8 ZTRK t=65252 n=149 min=0 max=66 over=0 pen=0 thr=300
   648.9 STATUS touch s/e=46743/0 irq=0 z1max=53 z2min=3942 zmax=153 rx=4294967295-0 ry=4294967295-0 first=0,0 last=0,0->0,0 wdt f/s=234
   648.9 ZTRK t=65460 n=150 min=0 max=35 over=0 pen=0 thr=300
   651.0 STATUS touch s/e=46893/0 irq=0 z1max=53 z2min=3942 zmax=153 rx=4294967295-0 ry=4294967295-0 first=0,0 last=0,0->0,0 wdt f/s=235
   651.0 ZTRK t=65667 n=149 min=0 max=39 over=0 pen=0 thr=300
   653.1 STATUS touch s/e=47042/0 irq=0 z1max=53 z2min=3942 zmax=153 rx=4294967295-0 ry=4294967295-0 first=0,0 last=0,0->0,0 wdt f/s=236
   653.1 ZTRK t=65874 n=150 min=0 max=58 over=0 pen=0 thr=300
   655.1 STATUS touch s/e=47181/0 irq=0 z1max=53 z2min=3942 zmax=153 rx=4294967295-0 ry=4294967295-0 first=0,0 last=0,0->0,0 wdt f/s=236
   655.1 ZTRK t=66072 n=138 min=0 max=51 over=0 pen=0 thr=300
   657.1 STATUS touch s/e=47323/0 irq=0 z1max=53 z2min=3942 zmax=153 rx=4294967295-0 ry=4294967295-0 first=0,0 last=0,0->0,0 wdt f/s=237
   657.1 ZTRK t=66278 n=142 min=0 max=66 over=0 pen=0 thr=300
   659.3 STATUS touch s/e=47472/0 irq=0 z1max=53 z2min=3942 zmax=153 rx=4294967295-0 ry=4294967295-0 first=0,0 last=0,0->0,0 wdt f/s=238
   659.3 ZTRK t=66494 n=149 min=0 max=55 over=0 pen=0 thr=300
   661.2 STATUS touch s/e=47608/0 irq=0 z1max=53 z2min=3940 zmax=155 rx=4294967295-0 ry=4294967295-0 first=0,0 last=0,0->0,0 wdt f/s=238
   661.2 ZTRK t=66678 n=131 min=0 max=155 over=0 pen=0 thr=300
   663.4 STATUS touch s/e=47748/0 irq=0 z1max=53 z2min=3940 zmax=155 rx=4294967295-0 ry=4294967295-0 first=0,0 last=0,0->0,0 wdt f/s=239
   663.4 ZTRK t=66890 n=145 min=0 max=59 over=0 pen=0 thr=300
   665.6 STATUS touch s/e=47910/0 irq=0 z1max=53 z2min=3940 zmax=155 rx=4294967295-0 ry=4294967295-0 first=0,0 last=0,0->0,0 wdt f/s=240
   665.6 ZTRK t=67115 n=162 min=0 max=66 over=0 pen=0 thr=300
   667.7 STATUS touch s/e=48059/0 irq=0 z1max=53 z2min=3940 zmax=155 rx=4294967295-0 ry=4294967295-0 first=0,0 last=0,0->0,0 wdt f/s=241
   667.7 ZTRK t=67322 n=150 min=0 max=66 over=0 pen=0 thr=300
   669.8 STATUS touch s/e=48209/0 irq=0 z1max=53 z2min=3940 zmax=155 rx=4294967295-0 ry=4294967295-0 first=0,0 last=0,0->0,0 wdt f/s=241
   669.8 ZTRK t=67529 n=149 min=0 max=66 over=0 pen=0 thr=300
   671.9 STATUS touch s/e=48358/0 irq=0 z1max=53 z2min=3940 zmax=155 rx=4294967295-0 ry=4294967295-0 first=0,0 last=0,0->0,0 wdt f/s=242
   671.9 ZTRK t=67737 n=150 min=0 max=62 over=0 pen=0 thr=300
   673.8 STATUS touch s/e=48501/0 irq=0 z1max=53 z2min=3940 zmax=155 rx=4294967295-0 ry=4294967295-0 first=0,0 last=0,0->0,0 wdt f/s=243
   673.8 ZTRK t=67927 n=137 min=0 max=49 over=0 pen=0 thr=300
   676.0 STATUS touch s/e=48642/0 irq=0 z1max=53 z2min=3940 zmax=155 rx=4294967295-0 ry=4294967295-0 first=0,0 last=0,0->0,0 wdt f/s=244
   676.0 ZTRK t=68132 n=140 min=0 max=59 over=0 pen=0 thr=300
   678.2 STATUS touch s/e=48797/0 irq=0 z1max=53 z2min=3940 zmax=155 rx=4294967295-0 ry=4294967295-0 first=0,0 last=0,0->0,0 wdt f/s=244
   678.2 ZTRK t=68357 n=162 min=0 max=65 over=0 pen=0 thr=300
   680.3 STATUS touch s/e=48947/0 irq=0 z1max=53 z2min=3940 zmax=155 rx=4294967295-0 ry=4294967295-0 first=0,0 last=0,0->0,0 wdt f/s=245
   680.3 ZTRK t=68564 n=149 min=0 max=55 over=0 pen=0 thr=300
   682.3 STATUS touch s/e=49096/0 irq=0 z1max=53 z2min=3940 zmax=155 rx=4294967295-0 ry=4294967295-0 first=0,0 last=0,0->0,0 wdt f/s=246
   682.3 ZTRK t=68771 n=150 min=0 max=127 over=0 pen=0 thr=300
   684.4 STATUS touch s/e=49246/0 irq=0 z1max=53 z2min=3940 zmax=155 rx=4294967295-0 ry=4294967295-0 first=0,0 last=0,0->0,0 wdt f/s=247
   684.4 ZTRK t=68978 n=149 min=0 max=63 over=0 pen=0 thr=300
   686.6 STATUS touch s/e=49395/0 irq=0 z1max=53 z2min=3940 zmax=155 rx=4294967295-0 ry=4294967295-0 first=0,0 last=0,0->0,0 wdt f/s=247
   686.6 ZTRK t=69185 n=150 min=0 max=39 over=0 pen=0 thr=300
   688.6 STATUS touch s/e=49545/0 irq=0 z1max=53 z2min=3940 zmax=155 rx=4294967295-0 ry=4294967295-0 first=0,0 last=0,0->0,0 wdt f/s=248
   688.6 ZTRK t=69392 n=149 min=0 max=49 over=0 pen=0 thr=300
   690.7 STATUS touch s/e=49694/0 irq=0 z1max=53 z2min=3940 zmax=155 rx=4294967295-0 ry=4294967295-0 first=0,0 last=0,0->0,0 wdt f/s=249
   690.7 ZTRK t=69599 n=150 min=0 max=42 over=0 pen=0 thr=300
   692.8 STATUS touch s/e=49844/0 irq=0 z1max=53 z2min=3940 zmax=155 rx=4294967295-0 ry=4294967295-0 first=0,0 last=0,0->0,0 wdt f/s=250
   692.8 ZTRK t=69806 n=149 min=0 max=66 over=0 pen=0 thr=300
   694.9 STATUS touch s/e=49993/0 irq=0 z1max=53 z2min=3940 zmax=155 rx=4294967295-0 ry=4294967295-0 first=0,0 last=0,0->0,0 wdt f/s=250
   694.9 ZTRK t=70013 n=150 min=0 max=42 over=0 pen=0 thr=300
   697.0 STATUS touch s/e=50143/0 irq=0 z1max=53 z2min=3940 zmax=155 rx=4294967295-0 ry=4294967295-0 first=0,0 last=0,0->0,0 wdt f/s=251
   697.0 ZTRK t=70220 n=149 min=0 max=46 over=0 pen=0 thr=300
   699.1 STATUS touch s/e=50292/0 irq=0 z1max=53 z2min=3940 zmax=155 rx=4294967295-0 ry=4294967295-0 first=0,0 last=0,0->0,0 wdt f/s=252
   699.1 ZTRK t=70427 n=150 min=0 max=25 over=0 pen=0 thr=300
   701.2 STATUS touch s/e=50442/0 irq=0 z1max=53 z2min=3940 zmax=155 rx=4294967295-0 ry=4294967295-0 first=0,0 last=0,0->0,0 wdt f/s=253
   701.2 ZTRK t=70634 n=149 min=0 max=51 over=0 pen=0 thr=300
   703.3 STATUS touch s/e=50591/0 irq=0 z1max=53 z2min=3940 zmax=155 rx=4294967295-0 ry=4294967295-0 first=0,0 last=0,0->0,0 wdt f/s=253
   703.3 ZTRK t=70841 n=150 min=0 max=45 over=0 pen=0 thr=300
   705.4 STATUS touch s/e=50741/0 irq=0 z1max=53 z2min=3940 zmax=155 rx=4294967295-0 ry=4294967295-0 first=0,0 last=0,0->0,0 wdt f/s=254
   705.4 ZTRK t=71048 n=149 min=0 max=35 over=0 pen=0 thr=300
   707.5 STATUS touch s/e=50890/0 irq=0 z1max=53 z2min=3940 zmax=155 rx=4294967295-0 ry=4294967295-0 first=0,0 last=0,0->0,0 wdt f/s=255
   707.5 ZTRK t=71255 n=150 min=0 max=59 over=0 pen=0 thr=300
   709.6 STATUS touch s/e=51040/0 irq=0 z1max=53 z2min=3940 zmax=155 rx=4294967295-0 ry=4294967295-0 first=0,0 last=0,0->0,0 wdt f/s=256
   709.6 ZTRK t=71462 n=149 min=0 max=47 over=0 pen=0 thr=300
   711.7 STATUS touch s/e=51189/0 irq=0 z1max=53 z2min=3940 zmax=155 rx=4294967295-0 ry=4294967295-0 first=0,0 last=0,0->0,0 wdt f/s=256
   711.7 ZTRK t=71669 n=150 min=0 max=67 over=0 pen=0 thr=300
   713.4 STATUS touch s/e=51322/0 irq=0 z1max=53 z2min=3940 zmax=155 rx=4294967295-0 ry=4294967295-0 first=0,0 last=0,0->0,0 wdt f/s=257
   713.4 ZTRK t=71844 n=127 min=0 max=23 over=0 pen=0 thr=300
   715.8 STATUS touch s/e=51472/0 irq=0 z1max=53 z2min=3940 zmax=155 rx=4294967295-0 ry=4294967295-0 first=0,0 last=0,0->0,0 wdt f/s=258
   715.8 ZTRK t=72074 n=156 min=0 max=23 over=0 pen=0 thr=300
   718.0 STATUS touch s/e=51628/0 irq=0 z1max=53 z2min=3940 zmax=155 rx=4294967295-0 ry=4294967295-0 first=0,0 last=0,0->0,0 wdt f/s=259
   718.0 ZTRK t=72290 n=156 min=0 max=43 over=0 pen=0 thr=300
   720.0 STATUS touch s/e=51766/0 irq=0 z1max=53 z2min=3940 zmax=155 rx=4294967295-0 ry=4294967295-0 first=0,0 last=0,0->0,0 wdt f/s=259
   720.0 ZTRK t=72487 n=137 min=0 max=66 over=0 pen=0 thr=300
   722.1 STATUS touch s/e=51918/0 irq=0 z1max=53 z2min=3940 zmax=155 rx=4294967295-0 ry=4294967295-0 first=0,0 last=0,0->0,0 wdt f/s=260
   722.1 ZTRK t=72703 n=152 min=0 max=46 over=0 pen=0 thr=300
   724.2 STATUS touch s/e=52067/0 irq=0 z1max=53 z2min=3940 zmax=155 rx=4294967295-0 ry=4294967295-0 first=0,0 last=0,0->0,0 wdt f/s=261
   724.2 ZTRK t=72910 n=150 min=0 max=54 over=0 pen=0 thr=300
   726.3 STATUS touch s/e=52217/0 irq=0 z1max=53 z2min=3940 zmax=155 rx=4294967295-0 ry=4294967295-0 first=0,0 last=0,0->0,0 wdt f/s=261
   726.3 ZTRK t=73117 n=149 min=0 max=39 over=0 pen=0 thr=300
   728.4 STATUS touch s/e=52366/0 irq=0 z1max=53 z2min=3940 zmax=155 rx=4294967295-0 ry=4294967295-0 first=0,0 last=0,0->0,0 wdt f/s=262
   728.4 ZTRK t=73324 n=150 min=0 max=43 over=0 pen=0 thr=300
   730.4 STATUS touch s/e=52502/0 irq=0 z1max=53 z2min=3940 zmax=155 rx=4294967295-0 ry=4294967295-0 first=0,0 last=0,0->0,0 wdt f/s=263
   730.4 ZTRK t=73521 n=135 min=0 max=35 over=0 pen=0 thr=300
   732.6 STATUS touch s/e=52656/0 irq=0 z1max=53 z2min=3940 zmax=155 rx=4294967295-0 ry=4294967295-0 first=0,0 last=0,0->0,0 wdt f/s=264
   732.6 ZTRK t=73737 n=154 min=0 max=47 over=0 pen=0 thr=300
   734.7 STATUS touch s/e=52804/0 irq=0 z1max=53 z2min=3940 zmax=155 rx=4294967295-0 ry=4294967295-0 first=0,0 last=0,0->0,0 wdt f/s=264
   734.7 ZTRK t=73945 n=149 min=0 max=45 over=0 pen=0 thr=300
   736.8 STATUS touch s/e=52953/0 irq=0 z1max=53 z2min=3940 zmax=155 rx=4294967295-0 ry=4294967295-0 first=0,0 last=0,0->0,0 wdt f/s=265
   736.8 ZTRK t=74153 n=142 min=0 max=23 over=0 pen=0 thr=300
   738.9 STATUS touch s/e=53102/0 irq=0 z1max=53 z2min=3940 zmax=155 rx=4294967295-0 ry=4294967295-0 first=0,0 last=0,0->0,0 wdt f/s=266
   738.9 ZTRK t=74360 n=156 min=0 max=83 over=0 pen=0 thr=300
   741.0 STATUS touch s/e=53252/0 irq=0 z1max=53 z2min=3940 zmax=155 rx=4294967295-0 ry=4294967295-0 first=0,0 last=0,0->0,0 wdt f/s=267
   741.0 ZTRK t=74568 n=149 min=0 max=47 over=0 pen=0 thr=300
   743.1 STATUS touch s/e=53401/0 irq=0 z1max=53 z2min=3940 zmax=155 rx=4294967295-0 ry=4294967295-0 first=0,0 last=0,0->0,0 wdt f/s=267
   743.1 ZTRK t=74776 n=150 min=0 max=51 over=0 pen=0 thr=300
   745.2 STATUS touch s/e=53551/0 irq=0 z1max=53 z2min=3940 zmax=155 rx=4294967295-0 ry=4294967295-0 first=0,0 last=0,0->0,0 wdt f/s=268
   745.2 ZTRK t=74983 n=149 min=0 max=66 over=0 pen=0 thr=300
   747.2 STATUS touch s/e=53691/0 irq=0 z1max=53 z2min=3940 zmax=155 rx=4294967295-0 ry=4294967295-0 first=0,0 last=0,0->0,0 wdt f/s=269
   747.2 ZTRK t=75180 n=140 min=0 max=43 over=0 pen=0 thr=300
   749.4 STATUS touch s/e=53840/0 irq=0 z1max=53 z2min=3940 zmax=155 rx=4294967295-0 ry=4294967295-0 first=0,0 last=0,0->0,0 wdt f/s=270
   749.4 ZTRK t=75396 n=150 min=0 max=37 over=0 pen=0 thr=300
   751.1 STATUS touch s/e=53973/0 irq=0 z1max=53 z2min=3940 zmax=155 rx=4294967295-0 ry=4294967295-0 first=0,0 last=0,0->0,0 wdt f/s=270
   751.1 ZTRK t=75571 n=127 min=0 max=50 over=0 pen=0 thr=300
   753.4 STATUS touch s/e=54123/0 irq=0 z1max=53 z2min=3940 zmax=155 rx=4294967295-0 ry=4294967295-0 first=0,0 last=0,0->0,0 wdt f/s=271
   753.4 ZTRK t=75801 n=156 min=0 max=81 over=0 pen=0 thr=300
   755.6 STATUS touch s/e=54279/0 irq=0 z1max=53 z2min=3940 zmax=155 rx=4294967295-0 ry=4294967295-0 first=0,0 last=0,0->0,0 wdt f/s=272
   755.6 ZTRK t=76017 n=156 min=0 max=43 over=0 pen=0 thr=300
   757.7 STATUS touch s/e=54429/0 irq=0 z1max=53 z2min=3940 zmax=155 rx=4294967295-0 ry=4294967295-0 first=0,0 last=0,0->0,0 wdt f/s=273
   757.7 ZTRK t=76224 n=149 min=0 max=30 over=0 pen=0 thr=300
   759.8 STATUS touch s/e=54578/0 irq=0 z1max=53 z2min=3940 zmax=155 rx=4294967295-0 ry=4294967295-0 first=0,0 last=0,0->0,0 wdt f/s=273
   759.8 ZTRK t=76431 n=150 min=0 max=55 over=0 pen=0 thr=300
   761.9 STATUS touch s/e=54728/0 irq=0 z1max=53 z2min=3940 zmax=155 rx=4294967295-0 ry=4294967295-0 first=0,0 last=0,0->0,0 wdt f/s=274
   761.9 ZTRK t=76638 n=149 min=0 max=51 over=0 pen=0 thr=300
   763.8 STATUS touch s/e=54865/0 irq=0 z1max=53 z2min=3940 zmax=155 rx=4294967295-0 ry=4294967295-0 first=0,0 last=0,0->0,0 wdt f/s=275
   763.8 ZTRK t=76821 n=132 min=0 max=55 over=0 pen=0 thr=300
   766.0 STATUS touch s/e=55011/0 irq=0 z1max=53 z2min=3940 zmax=155 rx=4294967295-0 ry=4294967295-0 first=0,0 last=0,0->0,0 wdt f/s=276
   766.0 ZTRK t=77038 n=151 min=0 max=66 over=0 pen=0 thr=300
   768.2 STATUS touch s/e=55159/0 irq=0 z1max=53 z2min=3940 zmax=155 rx=4294967295-0 ry=4294967295-0 first=0,0 last=0,0->0,0 wdt f/s=276
   768.2 ZTRK t=77254 n=149 min=0 max=66 over=0 pen=0 thr=300
   770.2 STATUS touch s/e=55309/0 irq=0 z1max=53 z2min=3940 zmax=155 rx=4294967295-0 ry=4294967295-0 first=0,0 last=0,0->0,0 wdt f/s=277
   770.2 ZTRK t=77461 n=149 min=0 max=58 over=0 pen=0 thr=300
   772.2 STATUS touch s/e=55451/0 irq=0 z1max=53 z2min=3940 zmax=155 rx=4294967295-0 ry=4294967295-0 first=0,0 last=0,0->0,0 wdt f/s=278
   772.2 ZTRK t=77649 n=136 min=0 max=62 over=0 pen=0 thr=300
   774.4 STATUS touch s/e=55598/0 irq=0 z1max=53 z2min=3940 zmax=155 rx=4294967295-0 ry=4294967295-0 first=0,0 last=0,0->0,0 wdt f/s=278
   774.4 ZTRK t=77875 n=153 min=0 max=67 over=0 pen=0 thr=300
   776.5 STATUS touch s/e=55737/0 irq=0 z1max=53 z2min=3940 zmax=155 rx=4294967295-0 ry=4294967295-0 first=0,0 last=0,0->0,0 wdt f/s=279
   776.5 ZTRK t=78072 n=139 min=0 max=23 over=0 pen=0 thr=300
   778.6 STATUS touch s/e=55887/0 irq=0 z1max=53 z2min=3940 zmax=155 rx=4294967295-0 ry=4294967295-0 first=0,0 last=0,0->0,0 wdt f/s=280
   778.6 ZTRK t=78288 n=150 min=0 max=20 over=0 pen=0 thr=300
   780.7 STATUS touch s/e=56036/0 irq=0 z1max=53 z2min=3940 zmax=155 rx=4294967295-0 ry=4294967295-0 first=0,0 last=0,0->0,0 wdt f/s=281
   780.7 ZTRK t=78495 n=149 min=0 max=55 over=0 pen=0 thr=300
